Archive member included to satisfy reference by file (symbol)

/home/sfmaudet/work/dplab/naval/workspace/lpc_board_lpcxpresso_54102/Debug/liblpc_board_lpcxpresso_54102.a(board.o)
                              ./src/spi_sm_int.o (Board_UARTGetChar)
/home/sfmaudet/work/dplab/naval/workspace/lpc_board_lpcxpresso_54102/Debug/liblpc_board_lpcxpresso_54102.a(board_sysinit.o)
                              ./src/sysinit.o (Board_SystemInit)
/home/sfmaudet/work/dplab/naval/workspace/lpc_chip_5410x/Debug/liblpc_chip_5410x.a(chip_5410x.o)
                              ./src/spi_sm_int.o (SystemCoreClockUpdate)
/home/sfmaudet/work/dplab/naval/workspace/lpc_chip_5410x/Debug/liblpc_chip_5410x.a(clock_5410x.o)
                              /home/sfmaudet/work/dplab/naval/workspace/lpc_board_lpcxpresso_54102/Debug/liblpc_board_lpcxpresso_54102.a(board_sysinit.o) (Chip_Clock_SetCLKOUTSource)
/home/sfmaudet/work/dplab/naval/workspace/lpc_chip_5410x/Debug/liblpc_chip_5410x.a(fpu_init.o)
                              ./src/sysinit.o (fpuInit)
/home/sfmaudet/work/dplab/naval/workspace/lpc_chip_5410x/Debug/liblpc_chip_5410x.a(gpio_5410x.o)
                              /home/sfmaudet/work/dplab/naval/workspace/lpc_board_lpcxpresso_54102/Debug/liblpc_board_lpcxpresso_54102.a(board.o) (Chip_GPIO_Init)
/home/sfmaudet/work/dplab/naval/workspace/lpc_chip_5410x/Debug/liblpc_chip_5410x.a(iocon_5410x.o)
                              /home/sfmaudet/work/dplab/naval/workspace/lpc_board_lpcxpresso_54102/Debug/liblpc_board_lpcxpresso_54102.a(board_sysinit.o) (Chip_IOCON_SetPinMuxing)
/home/sfmaudet/work/dplab/naval/workspace/lpc_chip_5410x/Debug/liblpc_chip_5410x.a(pll_5410x.o)
                              /home/sfmaudet/work/dplab/naval/workspace/lpc_chip_5410x/Debug/liblpc_chip_5410x.a(clock_5410x.o) (Chip_Clock_GetSystemPLLInClockRate)
/home/sfmaudet/work/dplab/naval/workspace/lpc_chip_5410x/Debug/liblpc_chip_5410x.a(spi_common_5410x.o)
                              ./src/spi_sm_int.o (Chip_SPI_ConfigureSPI)
/home/sfmaudet/work/dplab/naval/workspace/lpc_chip_5410x/Debug/liblpc_chip_5410x.a(spim_5410x.o)
                              ./src/spi_sm_int.o (Chip_SPIM_SetClockRate)
/home/sfmaudet/work/dplab/naval/workspace/lpc_chip_5410x/Debug/liblpc_chip_5410x.a(spis_5410x.o)
                              ./src/spi_sm_int.o (Chip_SPIS_XferHandler)
/home/sfmaudet/work/dplab/naval/workspace/lpc_chip_5410x/Debug/liblpc_chip_5410x.a(stopwatch_5410x.o)
                              ./src/spi_sm_int.o (StopWatch_Init)
/home/sfmaudet/work/dplab/naval/workspace/lpc_chip_5410x/Debug/liblpc_chip_5410x.a(syscon_5410x.o)
                              ./src/spi_sm_int.o (Chip_SYSCON_PeriphReset)
/home/sfmaudet/work/dplab/naval/workspace/lpc_chip_5410x/Debug/liblpc_chip_5410x.a(sysinit_5410x.o)
                              /home/sfmaudet/work/dplab/naval/workspace/lpc_board_lpcxpresso_54102/Debug/liblpc_board_lpcxpresso_54102.a(board_sysinit.o) (Chip_SetupIrcClocking)
/home/sfmaudet/work/dplab/naval/workspace/lpc_chip_5410x/Debug/liblpc_chip_5410x.a(timer_5410x.o)
                              /home/sfmaudet/work/dplab/naval/workspace/lpc_chip_5410x/Debug/liblpc_chip_5410x.a(stopwatch_5410x.o) (Chip_TIMER_Init)
/home/sfmaudet/work/dplab/naval/workspace/lpc_chip_5410x/Debug/liblpc_chip_5410x.a(uart_5410x.o)
                              /home/sfmaudet/work/dplab/naval/workspace/lpc_board_lpcxpresso_54102/Debug/liblpc_board_lpcxpresso_54102.a(board.o) (Chip_UART_Init)
/home/sfmaudet/work/dplab/naval/workspace/lpc_chip_5410x/Debug/liblpc_chip_5410x.a(ring_buffer.o)
                              /home/sfmaudet/work/dplab/naval/workspace/lpc_chip_5410x/Debug/liblpc_chip_5410x.a(uart_5410x.o) (RingBuffer_Insert)
/home/sfmaudet/work/dplab/naval/workspace/lpc_chip_5410x/libs/libpower.a(power_library.o)
                              /home/sfmaudet/work/dplab/naval/workspace/lpc_chip_5410x/Debug/liblpc_chip_5410x.a(pll_5410x.o) (Chip_POWER_SetVoltage)
/usr/local/lpcxpresso_8.2.0_647/lpcxpresso/tools/bin/../lib/gcc/arm-none-eabi/5.3.1/../../../../arm-none-eabi/lib/armv7e-m/softfp/libcr_nohost.a(_cr__main.o)
                              ./src/cr_startup_lpc5410x.o (__main)
/usr/local/lpcxpresso_8.2.0_647/lpcxpresso/tools/bin/../lib/gcc/arm-none-eabi/5.3.1/../../../../arm-none-eabi/lib/armv7e-m/softfp/libcr_c.a(memcpy.o)
                              /home/sfmaudet/work/dplab/naval/workspace/lpc_chip_5410x/Debug/liblpc_chip_5410x.a(ring_buffer.o) (memcpy)
/usr/local/lpcxpresso_8.2.0_647/lpcxpresso/tools/bin/../lib/gcc/arm-none-eabi/5.3.1/../../../../arm-none-eabi/lib/armv7e-m/softfp/libcr_c.a(fpprintf.o)
                              ./src/spi_sm_int.o (printf)
/usr/local/lpcxpresso_8.2.0_647/lpcxpresso/tools/bin/../lib/gcc/arm-none-eabi/5.3.1/../../../../arm-none-eabi/lib/armv7e-m/softfp/libcr_c.a(initio.o)
[...]
Memory Configuration

Name             Origin             Length             Attributes
MFlash512        0x00000000         0x00080000         xr
Ram0_64          0x02000000         0x00010000         xrw
Ram1_32          0x02010000         0x00008000         xrw
Ram2_8           0x03400000         0x00002000         xrw
*default*        0x00000000         0xffffffff

Linker script and memory map

LOAD ./src/cr_startup_lpc5410x.o
LOAD ./src/crp.o
LOAD ./src/spi_sm_int.o
LOAD ./src/sysinit.o
LOAD /home/sfmaudet/work/dplab/naval/workspace/lpc_board_lpcxpresso_54102/Debug/liblpc_board_lpcxpresso_54102.a
LOAD /home/sfmaudet/work/dplab/naval/workspace/lpc_chip_5410x/Debug/liblpc_chip_5410x.a
LOAD /home/sfmaudet/work/dplab/naval/workspace/lpc_chip_5410x/libs/libpower.a
START GROUP
LOAD /usr/local/lpcxpresso_8.2.0_647/lpcxpresso/tools/bin/../lib/gcc/arm-none-eabi/5.3.1/../../../../arm-none-eabi/lib/armv7e-m/softfp/libcr_nohost.a
LOAD /usr/local/lpcxpresso_8.2.0_647/lpcxpresso/tools/bin/../lib/gcc/arm-none-eabi/5.3.1/../../../../arm-none-eabi/lib/armv7e-m/softfp/libcr_c.a
LOAD /usr/local/lpcxpresso_8.2.0_647/lpcxpresso/tools/bin/../lib/gcc/arm-none-eabi/5.3.1/armv7e-m/softfp/libcr_eabihelpers.a
END GROUP
                0x00000000                __base_MFlash512 = 0x0
                0x00000000                __base_Flash = 0x0
                0x00080000                __top_MFlash512 = 0x80000
                0x00080000                __top_Flash = 0x80000
                0x02000000                __base_Ram0_64 = 0x2000000
                0x02000000                __base_RAM = 0x2000000
                0x02010000                __top_Ram0_64 = 0x2010000
                0x02010000                __top_RAM = 0x2010000
                0x02010000                __base_Ram1_32 = 0x2010000
                0x02010000                __base_RAM2 = 0x2010000
                0x02018000                __top_Ram1_32 = 0x2018000
                0x02018000                __top_RAM2 = 0x2018000
                0x03400000                __base_Ram2_8 = 0x3400000
                0x03400000                __base_RAM3 = 0x3400000
                0x03402000                __top_Ram2_8 = 0x3402000
                0x03402000                __top_RAM3 = 0x3402000

.text           0x00000000     0x5f40
 FILL mask 0xff
                0x00000000                __vectors_start__ = ABSOLUTE (.)
 *(.isr_vector)
 .isr_vector    0x00000000       0xf4 ./src/cr_startup_lpc5410x.o
                0x00000000                g_pfnVectors
                0x000000f4                . = ALIGN (0x4)
                0x000000f4                __section_table_start = .
                0x000000f4                __data_section_table = .
                0x000000f4        0x4 LONG 0x5f40 LOADADDR (.data)
                0x000000f8        0x4 LONG 0x2000000 ADDR (.data)
                0x000000fc        0x4 LONG 0x0 SIZEOF (.data)
                0x00000100        0x4 LONG 0x5f40 LOADADDR (.data_RAM2)
                0x00000104        0x4 LONG 0x2010000 ADDR (.data_RAM2)
                0x00000108        0x4 LONG 0x0 SIZEOF (.data_RAM2)
                0x0000010c        0x4 LONG 0x5f40 LOADADDR (.data_RAM3)
                0x00000110        0x4 LONG 0x3400000 ADDR (.data_RAM3)
                0x00000114        0x4 LONG 0x0 SIZEOF (.data_RAM3)
                0x00000118                __data_section_table_end = .
                0x00000118                __bss_section_table = .
                0x00000118        0x4 LONG 0x2000000 ADDR (.bss)
                0x0000011c        0x4 LONG 0x230 SIZEOF (.bss)
                0x00000120        0x4 LONG 0x2010000 ADDR (.bss_RAM2)
                0x00000124        0x4 LONG 0x0 SIZEOF (.bss_RAM2)
                0x00000128        0x4 LONG 0x3400000 ADDR (.bss_RAM3)
                0x0000012c        0x4 LONG 0x0 SIZEOF (.bss_RAM3)
                0x00000130                __bss_section_table_end = .
                0x00000130                __section_table_end = .
 *(.after_vectors*)
 .after_vectors
                0x00000130       0xcc ./src/cr_startup_lpc5410x.o
                0x00000130                data_init
                0x00000174                bss_init
                0x000001ac                NMI_Handler
                0x000001b4                HardFault_Handler
                0x000001bc                MemManage_Handler
                0x000001c4                BusFault_Handler
                0x000001cc                UsageFault_Handler
                0x000001d4                SVC_Handler
                0x000001dc                DebugMon_Handler
                0x000001e4                PendSV_Handler
                0x000001ec                SysTick_Handler
                0x000001f4                SCT0_IRQHandler
                0x000001f4                RIT_IRQHandler
                0x000001f4                I2C0_IRQHandler
                0x000001f4                MRT_IRQHandler
                0x000001f4                I2C1_IRQHandler
                0x000001f4                UART1_IRQHandler
                0x000001f4                ADC_SEQB_IRQHandler
                0x000001f4                UART0_IRQHandler
                0x000001f4                Reserved42_IRQHandler
                0x000001f4                CT32B2_IRQHandler
                0x000001f4                PIN_INT6_IRQHandler
                0x000001f4                IntDefaultHandler
                0x000001f4                PIN_INT4_IRQHandler
                0x000001f4                I2C2_IRQHandler
                0x000001f4                Reserved43_IRQHandler
                0x000001f4                RTC_IRQHandler
                0x000001f4                CT32B3_IRQHandler
                0x000001f4                UART2_IRQHandler
                0x000001f4                CT32B1_IRQHandler
                0x000001f4                PIN_INT5_IRQHandler
                0x000001f4                PIN_INT2_IRQHandler
                0x000001f4                PIN_INT7_IRQHandler
                0x000001f4                ADC_THCMP_IRQHandler
                0x000001f4                PIN_INT1_IRQHandler
                0x000001f4                BOD_IRQHandler
                0x000001f4                CT32B4_IRQHandler
                0x000001f4                IOH_IRQHandler
                0x000001f4                SPI2_IRQHandler
                0x000001f4                Reserved41_IRQHandler
                0x000001f4                MAILBOX_IRQHandler
                0x000001f4                WDT_IRQHandler
                0x000001f4                ADC_SEQA_IRQHandler
                0x000001f4                PIN_INT0_IRQHandler
                0x000001f4                UTICK_IRQHandler
                0x000001f4                CT32B0_IRQHandler
                0x000001f4                GINT0_IRQHandler
                0x000001f4                Reserved_IRQHandler
                0x000001f4                Reserved44_IRQHandler
                0x000001f4                DMA_IRQHandler
                0x000001f4                PIN_INT3_IRQHandler
                0x000001f4                SPI3_IRQHandler
                0x000001f4                UART3_IRQHandler
                0x000001f4                GINT1_IRQHandler
 .after_vectors.reset
                0x000001fc       0xcc ./src/cr_startup_lpc5410x.o
                0x000001fc                ResetISR
                0x000002fc                . = 0x2fc
 *fill*         0x000002c8       0x34 ff
                0x000002fc                PROVIDE (__CRP_WORD_START__, .)
 *(.crp)
 .crp           0x000002fc        0x4 ./src/crp.o
                0x000002fc                CRP_WORD
                0x00000300                PROVIDE (__CRP_WORD_END__, .)
                0x00000001                ASSERT (! ((__CRP_WORD_START__ == __CRP_WORD_END__)), Linker CRP Enabled, but no CRP_WORD provided within application)
 *(.text*)
 .text.NVIC_EnableIRQ
                0x00000300       0x34 ./src/spi_sm_int.o
 .text.Chip_IOCON_PinMuxSet
                0x00000334       0x30 ./src/spi_sm_int.o
 .text.Chip_SPI_SetCFGRegBits
                0x00000364       0x28 ./src/spi_sm_int.o
 .text.Chip_SPI_ClearCFGRegBits
                0x0000038c       0x2c ./src/spi_sm_int.o
 .text.Chip_SPI_Enable
                0x000003b8       0x18 ./src/spi_sm_int.o
 .text.Chip_SPI_Disable
                0x000003d0       0x18 ./src/spi_sm_int.o
 .text.Chip_SPI_Init
                0x000003e8       0x38 ./src/spi_sm_int.o
 .text.Chip_SPI_DeInit
                0x00000420       0x30 ./src/spi_sm_int.o
 .text.Chip_SPI_SetCSPolLow
                0x00000450       0x28 ./src/spi_sm_int.o
 .text.Chip_SPI_EnableInts
                0x00000478       0x1c ./src/spi_sm_int.o
 .text.Chip_SPI_GetPendingInts
                0x00000494       0x18 ./src/spi_sm_int.o
 .text.Chip_SPI_FlushFifos
                0x000004ac       0x1c ./src/spi_sm_int.o
 .text.Chip_SPI_SetTXCTRLRegBits
                0x000004c8       0x2c ./src/spi_sm_int.o
 .text.Chip_SPI_ClearTXCTRLRegBits
                0x000004f4       0x2c ./src/spi_sm_int.o
 .text.Chip_SPI_SetXferSize
                0x00000520       0x30 ./src/spi_sm_int.o
 .text.Chip_SPIM_DelayConfig
                0x00000550       0x48 ./src/spi_sm_int.o
 .text.Chip_SPIS_PreBuffSlave
                0x00000598       0x1c ./src/spi_sm_int.o
 .text.StopWatch_Elapsed
                0x000005b4       0x1c ./src/spi_sm_int.o
 .text.Init_SPI_PinMux
                0x000005d0       0x6c ./src/spi_sm_int.o
 .text.bufferInit
                0x0000063c       0x74 ./src/spi_sm_int.o
 .text.showData
                0x000006b0       0x64 ./src/spi_sm_int.o
                0x000006b0                showData
 .text.slave_cb
                0x00000714       0x38 ./src/spi_sm_int.o
 .text.master_cb
                0x0000074c       0x38 ./src/spi_sm_int.o
 .text.setupMaster
                0x00000784       0x6c ./src/spi_sm_int.o
 .text.setupSlave
                0x000007f0       0x4c ./src/spi_sm_int.o
 .text.SPI0_IRQHandler
                0x0000083c       0x30 ./src/spi_sm_int.o
                0x0000083c                SPI0_IRQHandler
 .text.SPI1_IRQHandler
                0x0000086c       0x40 ./src/spi_sm_int.o
                0x0000086c                SPI1_IRQHandler
 .text.main     0x000008ac      0x1e4 ./src/spi_sm_int.o
                0x000008ac                main
 .text.SystemInit
                0x00000a90       0x20 ./src/sysinit.o
                0x00000a90                SystemInit
 .text.Chip_GPIO_SetPinState
                0x00000ab0       0x38 /home/sfmaudet/work/dplab/naval/workspace/lpc_board_lpcxpresso_54102/Debug/liblpc_board_lpcxpresso_54102.a(board.o)
 .text.Chip_GPIO_SetPinDIROutput
                0x00000ae8       0x40 /home/sfmaudet/work/dplab/naval/workspace/lpc_board_lpcxpresso_54102/Debug/liblpc_board_lpcxpresso_54102.a(board.o)
 .text.Chip_GPIO_SetPinToggle
                0x00000b28       0x34 /home/sfmaudet/work/dplab/naval/workspace/lpc_board_lpcxpresso_54102/Debug/liblpc_board_lpcxpresso_54102.a(board.o)
 .text.Chip_UART_Enable
                0x00000b5c       0x20 /home/sfmaudet/work/dplab/naval/workspace/lpc_board_lpcxpresso_54102/Debug/liblpc_board_lpcxpresso_54102.a(board.o)
 .text.Chip_UART_TXEnable
                0x00000b7c       0x20 /home/sfmaudet/work/dplab/naval/workspace/lpc_board_lpcxpresso_54102/Debug/liblpc_board_lpcxpresso_54102.a(board.o)
 .text.Chip_UART_ConfigData
                0x00000b9c       0x1c /home/sfmaudet/work/dplab/naval/workspace/lpc_board_lpcxpresso_54102/Debug/liblpc_board_lpcxpresso_54102.a(board.o)
 .text.__sys_write
                0x00000bb8       0x38 /home/sfmaudet/work/dplab/naval/workspace/lpc_board_lpcxpresso_54102/Debug/liblpc_board_lpcxpresso_54102.a(board.o)
                0x00000bb8                __sys_write
 .text.Board_LED_Init
                0x00000bf0       0x4c /home/sfmaudet/work/dplab/naval/workspace/lpc_board_lpcxpresso_54102/Debug/liblpc_board_lpcxpresso_54102.a(board.o)
 .text.Board_UART_Init
                0x00000c3c       0x30 /home/sfmaudet/work/dplab/naval/workspace/lpc_board_lpcxpresso_54102/Debug/liblpc_board_lpcxpresso_54102.a(board.o)
 .text.Board_LED_Toggle
                0x00000c6c       0x30 /home/sfmaudet/work/dplab/naval/workspace/lpc_board_lpcxpresso_54102/Debug/liblpc_board_lpcxpresso_54102.a(board.o)
                0x00000c6c                Board_LED_Toggle
 .text.Board_UARTPutChar
                0x00000c9c       0x24 /home/sfmaudet/work/dplab/naval/workspace/lpc_board_lpcxpresso_54102/Debug/liblpc_board_lpcxpresso_54102.a(board.o)
                0x00000c9c                Board_UARTPutChar
 .text.Board_UARTGetChar
                0x00000cc0       0x2c /home/sfmaudet/work/dplab/naval/workspace/lpc_board_lpcxpresso_54102/Debug/liblpc_board_lpcxpresso_54102.a(board.o)
                0x00000cc0                Board_UARTGetChar
 .text.Board_UARTPutSTR
                0x00000cec       0x28 /home/sfmaudet/work/dplab/naval/workspace/lpc_board_lpcxpresso_54102/Debug/liblpc_board_lpcxpresso_54102.a(board.o)
                0x00000cec                Board_UARTPutSTR
 .text.Board_Debug_Init
                0x00000d14        0xc /home/sfmaudet/work/dplab/naval/workspace/lpc_board_lpcxpresso_54102/Debug/liblpc_board_lpcxpresso_54102.a(board.o)
                0x00000d14                Board_Debug_Init
 .text.Board_Init
                0x00000d20       0x24 /home/sfmaudet/work/dplab/naval/workspace/lpc_board_lpcxpresso_54102/Debug/liblpc_board_lpcxpresso_54102.a(board.o)
                0x00000d20                Board_Init
 .text.Chip_GPIO_SetPinState
                0x00000d44       0x38 /home/sfmaudet/work/dplab/naval/workspace/lpc_board_lpcxpresso_54102/Debug/liblpc_board_lpcxpresso_54102.a(board_sysinit.o)
 .text.Chip_GPIO_GetPinState
                0x00000d7c       0x38 /home/sfmaudet/work/dplab/naval/workspace/lpc_board_lpcxpresso_54102/Debug/liblpc_board_lpcxpresso_54102.a(board_sysinit.o)
 .text.Chip_GPIO_SetPinDIROutput
                0x00000db4       0x40 /home/sfmaudet/work/dplab/naval/workspace/lpc_board_lpcxpresso_54102/Debug/liblpc_board_lpcxpresso_54102.a(board_sysinit.o)
 .text.Chip_GPIO_SetPinDIRInput
                0x00000df4       0x40 /home/sfmaudet/work/dplab/naval/workspace/lpc_board_lpcxpresso_54102/Debug/liblpc_board_lpcxpresso_54102.a(board_sysinit.o)
 .text.ConfigureBridgeSSEL
                0x00000e34       0x7c /home/sfmaudet/work/dplab/naval/workspace/lpc_board_lpcxpresso_54102/Debug/liblpc_board_lpcxpresso_54102.a(board_sysinit.o)
 .text.Board_SetupMuxing
                0x00000eb0       0x24 /home/sfmaudet/work/dplab/naval/workspace/lpc_board_lpcxpresso_54102/Debug/liblpc_board_lpcxpresso_54102.a(board_sysinit.o)
                0x00000eb0                Board_SetupMuxing
 .text.Board_SetupClocking
                0x00000ed4       0x44 /home/sfmaudet/work/dplab/naval/workspace/lpc_board_lpcxpresso_54102/Debug/liblpc_board_lpcxpresso_54102.a(board_sysinit.o)
                0x00000ed4                Board_SetupClocking
 .text.Board_SystemInit
                0x00000f18       0x10 /home/sfmaudet/work/dplab/naval/workspace/lpc_board_lpcxpresso_54102/Debug/liblpc_board_lpcxpresso_54102.a(board_sysinit.o)
                0x00000f18                Board_SystemInit
 .text.SystemCoreClockUpdate
                0x00000f28       0x18 /home/sfmaudet/work/dplab/naval/workspace/lpc_chip_5410x/Debug/liblpc_chip_5410x.a(chip_5410x.o)
                0x00000f28                SystemCoreClockUpdate
 .text.Chip_Clock_GetIntOscRate
                0x00000f40       0x14 /home/sfmaudet/work/dplab/naval/workspace/lpc_chip_5410x/Debug/liblpc_chip_5410x.a(clock_5410x.o)
 .text.Chip_Clock_GetExtClockInRate
                0x00000f54       0x18 /home/sfmaudet/work/dplab/naval/workspace/lpc_chip_5410x/Debug/liblpc_chip_5410x.a(clock_5410x.o)
 .text.Chip_Clock_GetRTCOscRate
                0x00000f6c       0x14 /home/sfmaudet/work/dplab/naval/workspace/lpc_chip_5410x/Debug/liblpc_chip_5410x.a(clock_5410x.o)
 .text.Chip_Clock_GetWDTOSCRate
                0x00000f80       0x14 /home/sfmaudet/work/dplab/naval/workspace/lpc_chip_5410x/Debug/liblpc_chip_5410x.a(clock_5410x.o)
 .text.Chip_Clock_SetMain_A_ClockSource
                0x00000f94       0x20 /home/sfmaudet/work/dplab/naval/workspace/lpc_chip_5410x/Debug/liblpc_chip_5410x.a(clock_5410x.o)
 .text.Chip_Clock_GetMain_A_ClockSource
                0x00000fb4       0x18 /home/sfmaudet/work/dplab/naval/workspace/lpc_chip_5410x/Debug/liblpc_chip_5410x.a(clock_5410x.o)
 .text.Chip_Clock_SetMain_B_ClockSource
                0x00000fcc       0x20 /home/sfmaudet/work/dplab/naval/workspace/lpc_chip_5410x/Debug/liblpc_chip_5410x.a(clock_5410x.o)
 .text.Chip_Clock_GetMain_B_ClockSource
                0x00000fec       0x18 /home/sfmaudet/work/dplab/naval/workspace/lpc_chip_5410x/Debug/liblpc_chip_5410x.a(clock_5410x.o)
 .text.Chip_Clock_GetAsyncSyscon_ClockRate_NoDiv
                0x00001004       0x74 /home/sfmaudet/work/dplab/naval/workspace/lpc_chip_5410x/Debug/liblpc_chip_5410x.a(clock_5410x.o)
 .text.Chip_Clock_GetMain_A_ClockRate
                0x00001078       0x44 /home/sfmaudet/work/dplab/naval/workspace/lpc_chip_5410x/Debug/liblpc_chip_5410x.a(clock_5410x.o)
                0x00001078                Chip_Clock_GetMain_A_ClockRate
 .text.Chip_Clock_GetMain_B_ClockRate
                0x000010bc       0x58 /home/sfmaudet/work/dplab/naval/workspace/lpc_chip_5410x/Debug/liblpc_chip_5410x.a(clock_5410x.o)
                0x000010bc                Chip_Clock_GetMain_B_ClockRate
 .text.Chip_Clock_SetCLKOUTSource
                0x00001114       0x50 /home/sfmaudet/work/dplab/naval/workspace/lpc_chip_5410x/Debug/liblpc_chip_5410x.a(clock_5410x.o)
                0x00001114                Chip_Clock_SetCLKOUTSource
 .text.Chip_Clock_EnablePeriphClock
                0x00001164       0x64 /home/sfmaudet/work/dplab/naval/workspace/lpc_chip_5410x/Debug/liblpc_chip_5410x.a(clock_5410x.o)
                0x00001164                Chip_Clock_EnablePeriphClock
 .text.Chip_Clock_DisablePeriphClock
                0x000011c8       0x64 /home/sfmaudet/work/dplab/naval/workspace/lpc_chip_5410x/Debug/liblpc_chip_5410x.a(clock_5410x.o)
                0x000011c8                Chip_Clock_DisablePeriphClock
 .text.Chip_Clock_SetAsyncSysconClockSource
                0x0000122c       0x3c /home/sfmaudet/work/dplab/naval/workspace/lpc_chip_5410x/Debug/liblpc_chip_5410x.a(clock_5410x.o)
                0x0000122c                Chip_Clock_SetAsyncSysconClockSource
 .text.Chip_Clock_GetAsyncSysconClockSource
                0x00001268       0x34 /home/sfmaudet/work/dplab/naval/workspace/lpc_chip_5410x/Debug/liblpc_chip_5410x.a(clock_5410x.o)
                0x00001268                Chip_Clock_GetAsyncSysconClockSource
 .text.Chip_Clock_GetAsyncSyscon_ClockRate
                0x0000129c       0x30 /home/sfmaudet/work/dplab/naval/workspace/lpc_chip_5410x/Debug/liblpc_chip_5410x.a(clock_5410x.o)
                0x0000129c                Chip_Clock_GetAsyncSyscon_ClockRate
 .text.Chip_Clock_SetMainClockSource
                0x000012cc       0x3c /home/sfmaudet/work/dplab/naval/workspace/lpc_chip_5410x/Debug/liblpc_chip_5410x.a(clock_5410x.o)
                0x000012cc                Chip_Clock_SetMainClockSource
 .text.Chip_Clock_GetMainClockRate
                0x00001308       0x28 /home/sfmaudet/work/dplab/naval/workspace/lpc_chip_5410x/Debug/liblpc_chip_5410x.a(clock_5410x.o)
                0x00001308                Chip_Clock_GetMainClockRate
 .text.Chip_Clock_GetSystemClockRate
                0x00001330       0x1c /home/sfmaudet/work/dplab/naval/workspace/lpc_chip_5410x/Debug/liblpc_chip_5410x.a(clock_5410x.o)
                0x00001330                Chip_Clock_GetSystemClockRate
 .text.fpuInit  0x0000134c       0x74 /home/sfmaudet/work/dplab/naval/workspace/lpc_chip_5410x/Debug/liblpc_chip_5410x.a(fpu_init.o)
                0x0000134c                fpuInit
 .text.Chip_GPIO_Init
                0x000013c0       0x28 /home/sfmaudet/work/dplab/naval/workspace/lpc_chip_5410x/Debug/liblpc_chip_5410x.a(gpio_5410x.o)
                0x000013c0                Chip_GPIO_Init
 .text.Chip_IOCON_PinMuxSet
                0x000013e8       0x30 /home/sfmaudet/work/dplab/naval/workspace/lpc_chip_5410x/Debug/liblpc_chip_5410x.a(iocon_5410x.o)
 .text.Chip_IOCON_SetPinMuxing
                0x00001418       0x50 /home/sfmaudet/work/dplab/naval/workspace/lpc_chip_5410x/Debug/liblpc_chip_5410x.a(iocon_5410x.o)
                0x00001418                Chip_IOCON_SetPinMuxing
 .text.Chip_SYSCON_PowerDown
                0x00001468       0x20 /home/sfmaudet/work/dplab/naval/workspace/lpc_chip_5410x/Debug/liblpc_chip_5410x.a(pll_5410x.o)
 .text.Chip_Clock_IsSystemPLLLocked
                0x00001488       0x24 /home/sfmaudet/work/dplab/naval/workspace/lpc_chip_5410x/Debug/liblpc_chip_5410x.a(pll_5410x.o)
 .text.Chip_Clock_GetIntOscRate
                0x000014ac       0x14 /home/sfmaudet/work/dplab/naval/workspace/lpc_chip_5410x/Debug/liblpc_chip_5410x.a(pll_5410x.o)
 .text.Chip_Clock_GetExtClockInRate
                0x000014c0       0x18 /home/sfmaudet/work/dplab/naval/workspace/lpc_chip_5410x/Debug/liblpc_chip_5410x.a(pll_5410x.o)
 .text.Chip_Clock_GetRTCOscRate
                0x000014d8       0x14 /home/sfmaudet/work/dplab/naval/workspace/lpc_chip_5410x/Debug/liblpc_chip_5410x.a(pll_5410x.o)
 .text.Chip_Clock_GetWDTOSCRate
                0x000014ec       0x14 /home/sfmaudet/work/dplab/naval/workspace/lpc_chip_5410x/Debug/liblpc_chip_5410x.a(pll_5410x.o)
 .text.pllEncodeN
                0x00001500       0x80 /home/sfmaudet/work/dplab/naval/workspace/lpc_chip_5410x/Debug/liblpc_chip_5410x.a(pll_5410x.o)
 .text.pllDecodeN
                0x00001580       0xa0 /home/sfmaudet/work/dplab/naval/workspace/lpc_chip_5410x/Debug/liblpc_chip_5410x.a(pll_5410x.o)
 .text.pllEncodeP
                0x00001620       0x70 /home/sfmaudet/work/dplab/naval/workspace/lpc_chip_5410x/Debug/liblpc_chip_5410x.a(pll_5410x.o)
 .text.pllDecodeP
                0x00001690       0x88 /home/sfmaudet/work/dplab/naval/workspace/lpc_chip_5410x/Debug/liblpc_chip_5410x.a(pll_5410x.o)
 .text.pllEncodeM
                0x00001718       0x80 /home/sfmaudet/work/dplab/naval/workspace/lpc_chip_5410x/Debug/liblpc_chip_5410x.a(pll_5410x.o)
 .text.pllDecodeM
                0x00001798       0xa0 /home/sfmaudet/work/dplab/naval/workspace/lpc_chip_5410x/Debug/liblpc_chip_5410x.a(pll_5410x.o)
 .text.pllFindSel
                0x00001838       0xbc /home/sfmaudet/work/dplab/naval/workspace/lpc_chip_5410x/Debug/liblpc_chip_5410x.a(pll_5410x.o)
 .text.findPllPreDiv
                0x000018f4       0x3c /home/sfmaudet/work/dplab/naval/workspace/lpc_chip_5410x/Debug/liblpc_chip_5410x.a(pll_5410x.o)
                0x000018f4                findPllPreDiv
 .text.findPllPostDiv
                0x00001930       0x40 /home/sfmaudet/work/dplab/naval/workspace/lpc_chip_5410x/Debug/liblpc_chip_5410x.a(pll_5410x.o)
                0x00001930                findPllPostDiv
 .text.findPllMMult
                0x00001970       0x40 /home/sfmaudet/work/dplab/naval/workspace/lpc_chip_5410x/Debug/liblpc_chip_5410x.a(pll_5410x.o)
                0x00001970                findPllMMult
 .text.FindGreatestCommonDivisor
                0x000019b0       0x3c /home/sfmaudet/work/dplab/naval/workspace/lpc_chip_5410x/Debug/liblpc_chip_5410x.a(pll_5410x.o)
 .text.Chip_Clock_GetPllConfig
                0x000019ec      0x288 /home/sfmaudet/work/dplab/naval/workspace/lpc_chip_5410x/Debug/liblpc_chip_5410x.a(pll_5410x.o)
 .text.Chip_Clock_GetSystemPLLOutFromSetupUpdate
                0x00001c74       0x20 /home/sfmaudet/work/dplab/naval/workspace/lpc_chip_5410x/Debug/liblpc_chip_5410x.a(pll_5410x.o)
 .text.Chip_Clock_GetSystemPLLInClockRate
                0x00001c94       0x5c /home/sfmaudet/work/dplab/naval/workspace/lpc_chip_5410x/Debug/liblpc_chip_5410x.a(pll_5410x.o)
                0x00001c94                Chip_Clock_GetSystemPLLInClockRate
 .text.Chip_Clock_GetSystemPLLOutFromSetup
                0x00001cf0      0x150 /home/sfmaudet/work/dplab/naval/workspace/lpc_chip_5410x/Debug/liblpc_chip_5410x.a(pll_5410x.o)
                0x00001cf0                Chip_Clock_GetSystemPLLOutFromSetup
 .text.Chip_Clock_GetSystemPLLOutClockRate
                0x00001e40       0x68 /home/sfmaudet/work/dplab/naval/workspace/lpc_chip_5410x/Debug/liblpc_chip_5410x.a(pll_5410x.o)
                0x00001e40                Chip_Clock_GetSystemPLLOutClockRate
 .text.Chip_Clock_SetupPLLData
                0x00001ea8       0x90 /home/sfmaudet/work/dplab/naval/workspace/lpc_chip_5410x/Debug/liblpc_chip_5410x.a(pll_5410x.o)
                0x00001ea8                Chip_Clock_SetupPLLData
 .text.Chip_Clock_SetupSystemPLLPrec
                0x00001f38       0xf0 /home/sfmaudet/work/dplab/naval/workspace/lpc_chip_5410x/Debug/liblpc_chip_5410x.a(pll_5410x.o)
                0x00001f38                Chip_Clock_SetupSystemPLLPrec
 .text.Chip_SPI_SetCFGRegBits
                0x00002028       0x28 /home/sfmaudet/work/dplab/naval/workspace/lpc_chip_5410x/Debug/liblpc_chip_5410x.a(spi_common_5410x.o)
 .text.Chip_SPI_ConfigureSPI
                0x00002050       0x58 /home/sfmaudet/work/dplab/naval/workspace/lpc_chip_5410x/Debug/liblpc_chip_5410x.a(spi_common_5410x.o)
                0x00002050                Chip_SPI_ConfigureSPI
 .text.Chip_SPI_GetStatus
                0x000020a8       0x18 /home/sfmaudet/work/dplab/naval/workspace/lpc_chip_5410x/Debug/liblpc_chip_5410x.a(spim_5410x.o)
 .text.Chip_SPI_ClearStatus
                0x000020c0       0x1c /home/sfmaudet/work/dplab/naval/workspace/lpc_chip_5410x/Debug/liblpc_chip_5410x.a(spim_5410x.o)
 .text.Chip_SPI_ReadRawRXFifo
                0x000020dc       0x18 /home/sfmaudet/work/dplab/naval/workspace/lpc_chip_5410x/Debug/liblpc_chip_5410x.a(spim_5410x.o)
 .text.Chip_SPI_WriteTXData
                0x000020f4       0x20 /home/sfmaudet/work/dplab/naval/workspace/lpc_chip_5410x/Debug/liblpc_chip_5410x.a(spim_5410x.o)
 .text.Chip_SPIM_ForceEndOfTransfer
                0x00002114       0x1c /home/sfmaudet/work/dplab/naval/workspace/lpc_chip_5410x/Debug/liblpc_chip_5410x.a(spim_5410x.o)
 .text.Chip_SPIM_AssertSSEL
                0x00002130       0x38 /home/sfmaudet/work/dplab/naval/workspace/lpc_chip_5410x/Debug/liblpc_chip_5410x.a(spim_5410x.o)
 .text.Chip_SPIM_GetClockRate
                0x00002168       0x20 /home/sfmaudet/work/dplab/naval/workspace/lpc_chip_5410x/Debug/liblpc_chip_5410x.a(spim_5410x.o)
                0x00002168                Chip_SPIM_GetClockRate
 .text.Chip_SPIM_SetClockRate
                0x00002188       0x4c /home/sfmaudet/work/dplab/naval/workspace/lpc_chip_5410x/Debug/liblpc_chip_5410x.a(spim_5410x.o)
                0x00002188                Chip_SPIM_SetClockRate
 .text.Chip_SPIM_HandlerRx
                0x000021d4       0x90 /home/sfmaudet/work/dplab/naval/workspace/lpc_chip_5410x/Debug/liblpc_chip_5410x.a(spim_5410x.o)
 .text.Chip_SPIM_XferHandler
                0x00002264      0x194 /home/sfmaudet/work/dplab/naval/workspace/lpc_chip_5410x/Debug/liblpc_chip_5410x.a(spim_5410x.o)
                0x00002264                Chip_SPIM_XferHandler
 .text.Chip_SPIM_Xfer
                0x000023f8       0x58 /home/sfmaudet/work/dplab/naval/workspace/lpc_chip_5410x/Debug/liblpc_chip_5410x.a(spim_5410x.o)
                0x000023f8                Chip_SPIM_Xfer
 .text.Chip_SPI_GetStatus
                0x00002450       0x18 /home/sfmaudet/work/dplab/naval/workspace/lpc_chip_5410x/Debug/liblpc_chip_5410x.a(spis_5410x.o)
 .text.Chip_SPI_ClearStatus
                0x00002468       0x1c /home/sfmaudet/work/dplab/naval/workspace/lpc_chip_5410x/Debug/liblpc_chip_5410x.a(spis_5410x.o)
 .text.Chip_SPI_ReadRawRXFifo
                0x00002484       0x18 /home/sfmaudet/work/dplab/naval/workspace/lpc_chip_5410x/Debug/liblpc_chip_5410x.a(spis_5410x.o)
 .text.Chip_SPI_ReadRXData
                0x0000249c       0x1c /home/sfmaudet/work/dplab/naval/workspace/lpc_chip_5410x/Debug/liblpc_chip_5410x.a(spis_5410x.o)
 .text.Chip_SPI_WriteTXData
                0x000024b8       0x20 /home/sfmaudet/work/dplab/naval/workspace/lpc_chip_5410x/Debug/liblpc_chip_5410x.a(spis_5410x.o)
 .text.Chip_SPIS_FindSSEL
                0x000024d8       0x48 /home/sfmaudet/work/dplab/naval/workspace/lpc_chip_5410x/Debug/liblpc_chip_5410x.a(spis_5410x.o)
 .text.Chip_SPIS_XferHandler
                0x00002520      0x1b8 /home/sfmaudet/work/dplab/naval/workspace/lpc_chip_5410x/Debug/liblpc_chip_5410x.a(spis_5410x.o)
                0x00002520                Chip_SPIS_XferHandler
 .text.Chip_TIMER_Enable
                0x000026d8       0x24 /home/sfmaudet/work/dplab/naval/workspace/lpc_chip_5410x/Debug/liblpc_chip_5410x.a(stopwatch_5410x.o)
 .text.Chip_TIMER_ReadCount
                0x000026fc       0x18 /home/sfmaudet/work/dplab/naval/workspace/lpc_chip_5410x/Debug/liblpc_chip_5410x.a(stopwatch_5410x.o)
 .text.Chip_TIMER_PrescaleSet
                0x00002714       0x1c /home/sfmaudet/work/dplab/naval/workspace/lpc_chip_5410x/Debug/liblpc_chip_5410x.a(stopwatch_5410x.o)
 .text.StopWatch_Init
                0x00002730       0x74 /home/sfmaudet/work/dplab/naval/workspace/lpc_chip_5410x/Debug/liblpc_chip_5410x.a(stopwatch_5410x.o)
                0x00002730                StopWatch_Init
 .text.StopWatch_Start
                0x000027a4       0x14 /home/sfmaudet/work/dplab/naval/workspace/lpc_chip_5410x/Debug/liblpc_chip_5410x.a(stopwatch_5410x.o)
                0x000027a4                StopWatch_Start
 .text.StopWatch_TicksToUs
                0x000027b8       0x24 /home/sfmaudet/work/dplab/naval/workspace/lpc_chip_5410x/Debug/liblpc_chip_5410x.a(stopwatch_5410x.o)
                0x000027b8                StopWatch_TicksToUs
 .text.Chip_SYSCON_Enable_ASYNC_Syscon
                0x000027dc       0x30 /home/sfmaudet/work/dplab/naval/workspace/lpc_chip_5410x/Debug/liblpc_chip_5410x.a(syscon_5410x.o)
                0x000027dc                Chip_SYSCON_Enable_ASYNC_Syscon
 .text.Chip_SYSCON_PeriphReset
                0x0000280c       0x7c /home/sfmaudet/work/dplab/naval/workspace/lpc_chip_5410x/Debug/liblpc_chip_5410x.a(syscon_5410x.o)
                0x0000280c                Chip_SYSCON_PeriphReset
 .text.Chip_SYSCON_PLLDelay
                0x00002888       0x8c /home/sfmaudet/work/dplab/naval/workspace/lpc_chip_5410x/Debug/liblpc_chip_5410x.a(syscon_5410x.o)
                0x00002888                Chip_SYSCON_PLLDelay
 .text.Chip_SYSCON_PowerUp
                0x00002914       0x8c /home/sfmaudet/work/dplab/naval/workspace/lpc_chip_5410x/Debug/liblpc_chip_5410x.a(syscon_5410x.o)
                0x00002914                Chip_SYSCON_PowerUp
 .text.Chip_SYSCON_SetFLASHAccess
                0x000029a0       0x34 /home/sfmaudet/work/dplab/naval/workspace/lpc_chip_5410x/Debug/liblpc_chip_5410x.a(sysinit_5410x.o)
 .text.Chip_SYSCON_PowerDown
                0x000029d4       0x20 /home/sfmaudet/work/dplab/naval/workspace/lpc_chip_5410x/Debug/liblpc_chip_5410x.a(sysinit_5410x.o)
 .text.Chip_Clock_SetSystemPLLSource
                0x000029f4       0x20 /home/sfmaudet/work/dplab/naval/workspace/lpc_chip_5410x/Debug/liblpc_chip_5410x.a(sysinit_5410x.o)
 .text.Chip_Clock_SetSysClockDiv
                0x00002a14       0x20 /home/sfmaudet/work/dplab/naval/workspace/lpc_chip_5410x/Debug/liblpc_chip_5410x.a(sysinit_5410x.o)
 .text.Chip_Clock_SetAsyncSysconClockDiv
                0x00002a34       0x20 /home/sfmaudet/work/dplab/naval/workspace/lpc_chip_5410x/Debug/liblpc_chip_5410x.a(sysinit_5410x.o)
 .text.setupFlashClocks
                0x00002a54       0x60 /home/sfmaudet/work/dplab/naval/workspace/lpc_chip_5410x/Debug/liblpc_chip_5410x.a(sysinit_5410x.o)
 .text.Chip_SetupIrcClocking
                0x00002ab4       0x88 /home/sfmaudet/work/dplab/naval/workspace/lpc_chip_5410x/Debug/liblpc_chip_5410x.a(sysinit_5410x.o)
                0x00002ab4                Chip_SetupIrcClocking
 .text.GetClockID
                0x00002b3c       0x40 /home/sfmaudet/work/dplab/naval/workspace/lpc_chip_5410x/Debug/liblpc_chip_5410x.a(timer_5410x.o)
 .text.Chip_TIMER_Init
                0x00002b7c       0x3c /home/sfmaudet/work/dplab/naval/workspace/lpc_chip_5410x/Debug/liblpc_chip_5410x.a(timer_5410x.o)
                0x00002b7c                Chip_TIMER_Init
 .text.Chip_SYSCON_SetUSARTFRGCtrl
                0x00002bb8       0x2c /home/sfmaudet/work/dplab/naval/workspace/lpc_chip_5410x/Debug/liblpc_chip_5410x.a(uart_5410x.o)
 .text.Chip_UART_SendByte
                0x00002be4       0x20 /home/sfmaudet/work/dplab/naval/workspace/lpc_chip_5410x/Debug/liblpc_chip_5410x.a(uart_5410x.o)
 .text.Chip_UART_ReadByte
                0x00002c04       0x1c /home/sfmaudet/work/dplab/naval/workspace/lpc_chip_5410x/Debug/liblpc_chip_5410x.a(uart_5410x.o)
 .text.Chip_UART_Div
                0x00002c20       0x34 /home/sfmaudet/work/dplab/naval/workspace/lpc_chip_5410x/Debug/liblpc_chip_5410x.a(uart_5410x.o)
 .text.Chip_UART_GetStatus
                0x00002c54       0x18 /home/sfmaudet/work/dplab/naval/workspace/lpc_chip_5410x/Debug/liblpc_chip_5410x.a(uart_5410x.o)
 .text.getUARTClockID
                0x00002c6c       0x48 /home/sfmaudet/work/dplab/naval/workspace/lpc_chip_5410x/Debug/liblpc_chip_5410x.a(uart_5410x.o)
 .text._UART_DivClk
                0x00002cb4       0x64 /home/sfmaudet/work/dplab/naval/workspace/lpc_chip_5410x/Debug/liblpc_chip_5410x.a(uart_5410x.o)
 .text._UART_GetHighDiv
                0x00002d18       0x54 /home/sfmaudet/work/dplab/naval/workspace/lpc_chip_5410x/Debug/liblpc_chip_5410x.a(uart_5410x.o)
 .text._CalcErr
                0x00002d6c       0x70 /home/sfmaudet/work/dplab/naval/workspace/lpc_chip_5410x/Debug/liblpc_chip_5410x.a(uart_5410x.o)
 .text._UART_CalcDiv
                0x00002ddc       0xe4 /home/sfmaudet/work/dplab/naval/workspace/lpc_chip_5410x/Debug/liblpc_chip_5410x.a(uart_5410x.o)
 .text._UART_CalcMul
                0x00002ec0       0xc8 /home/sfmaudet/work/dplab/naval/workspace/lpc_chip_5410x/Debug/liblpc_chip_5410x.a(uart_5410x.o)
 .text.Chip_UART_CalcBaud
                0x00002f88       0x28 /home/sfmaudet/work/dplab/naval/workspace/lpc_chip_5410x/Debug/liblpc_chip_5410x.a(uart_5410x.o)
                0x00002f88                Chip_UART_CalcBaud
 .text.Chip_UART_Init
                0x00002fb0       0x6c /home/sfmaudet/work/dplab/naval/workspace/lpc_chip_5410x/Debug/liblpc_chip_5410x.a(uart_5410x.o)
                0x00002fb0                Chip_UART_Init
 .text.Chip_UART_Send
                0x0000301c       0x50 /home/sfmaudet/work/dplab/naval/workspace/lpc_chip_5410x/Debug/liblpc_chip_5410x.a(uart_5410x.o)
                0x0000301c                Chip_UART_Send
 .text.Chip_UART_SendBlocking
                0x0000306c       0x4c /home/sfmaudet/work/dplab/naval/workspace/lpc_chip_5410x/Debug/liblpc_chip_5410x.a(uart_5410x.o)
                0x0000306c                Chip_UART_SendBlocking
 .text.Chip_UART_Read
                0x000030b8       0x54 /home/sfmaudet/work/dplab/naval/workspace/lpc_chip_5410x/Debug/liblpc_chip_5410x.a(uart_5410x.o)
                0x000030b8                Chip_UART_Read
 .text.Chip_UART_SetBaud
                0x0000310c       0x54 /home/sfmaudet/work/dplab/naval/workspace/lpc_chip_5410x/Debug/liblpc_chip_5410x.a(uart_5410x.o)
                0x0000310c                Chip_UART_SetBaud
 .text.getBROMVersion
                0x00003160       0x20 /home/sfmaudet/work/dplab/naval/workspace/lpc_chip_5410x/libs/libpower.a(power_library.o)
 .text.Chip_POWER_SetVoltage
                0x00003180      0x23c /home/sfmaudet/work/dplab/naval/workspace/lpc_chip_5410x/libs/libpower.a(power_library.o)
                0x00003180                Chip_POWER_SetVoltage
 .text.Chip_POWER_GetROMVersion
                0x000033bc        0x4 /home/sfmaudet/work/dplab/naval/workspace/lpc_chip_5410x/libs/libpower.a(power_library.o)
                0x000033bc                Chip_POWER_GetROMVersion
 .text.__main   0x000033c0       0x14 /usr/local/lpcxpresso_8.2.0_647/lpcxpresso/tools/bin/../lib/gcc/arm-none-eabi/5.3.1/../../../../arm-none-eabi/lib/armv7e-m/softfp/libcr_nohost.a(_cr__main.o)
                0x000033c0                __main
 .text.fp_round
                0x000033d4       0x4e /usr/local/lpcxpresso_8.2.0_647/lpcxpresso/tools/bin/../lib/gcc/arm-none-eabi/5.3.1/../../../../arm-none-eabi/lib/armv7e-m/softfp/libcr_c.a(fpprintf.o)
 .text.pr_dec.constprop.1
                0x00003422       0x26 /usr/local/lpcxpresso_8.2.0_647/lpcxpresso/tools/bin/../lib/gcc/arm-none-eabi/5.3.1/../../../../arm-none-eabi/lib/armv7e-m/softfp/libcr_c.a(fpprintf.o)
 .text.sprintf  0x00003448       0x6c /usr/local/lpcxpresso_8.2.0_647/lpcxpresso/tools/bin/../lib/gcc/arm-none-eabi/5.3.1/../../../../arm-none-eabi/lib/armv7e-m/softfp/libcr_c.a(fpprintf.o)
                0x00003448                sprintf
 *fill*         0x000034b4        0x4 ff
 .text.fp_display
                0x000034b8      0x8f8 /usr/local/lpcxpresso_8.2.0_647/lpcxpresso/tools/bin/../lib/gcc/arm-none-eabi/5.3.1/../../../../arm-none-eabi/lib/armv7e-m/softfp/libcr_c.a(fpprintf.o)
 .text.vsnprintf
                0x00003db0       0x5c /usr/local/lpcxpresso_8.2.0_647/lpcxpresso/tools/bin/../lib/gcc/arm-none-eabi/5.3.1/../../../../arm-none-eabi/lib/armv7e-m/softfp/libcr_c.a(fpprintf.o)
                0x00003db0                vsnprintf
 .text.printf   0x00003e0c       0x54 /usr/local/lpcxpresso_8.2.0_647/lpcxpresso/tools/bin/../lib/gcc/arm-none-eabi/5.3.1/../../../../arm-none-eabi/lib/armv7e-m/softfp/libcr_c.a(fpprintf.o)
                0x00003e0c                printf
 .text._initio  0x00003e60       0xa4 /usr/local/lpcxpresso_8.2.0_647/lpcxpresso/tools/bin/../lib/gcc/arm-none-eabi/5.3.1/../../../../arm-none-eabi/lib/armv7e-m/softfp/libcr_c.a(initio.o)
                0x00003e60                _initio
 .text.__vfprintf
                0x00003f04      0xd48 /usr/local/lpcxpresso_8.2.0_647/lpcxpresso/tools/bin/../lib/gcc/arm-none-eabi/5.3.1/../../../../arm-none-eabi/lib/armv7e-m/softfp/libcr_c.a(printf.o)
                0x00003f04                __vfprintf
 .text.setvbuf  0x00004c4c       0x40 /usr/local/lpcxpresso_8.2.0_647/lpcxpresso/tools/bin/../lib/gcc/arm-none-eabi/5.3.1/../../../../arm-none-eabi/lib/armv7e-m/softfp/libcr_c.a(setvbuf.o)
                0x00004c4c                setvbuf
 .text.strlen   0x00004c8c       0x4a /usr/local/lpcxpresso_8.2.0_647/lpcxpresso/tools/bin/../lib/gcc/arm-none-eabi/5.3.1/../../../../arm-none-eabi/lib/armv7e-m/softfp/libcr_c.a(strlen.o)
                0x00004c8c                strlen
 .text.memset   0x00004cd6        0x4 /usr/local/lpcxpresso_8.2.0_647/lpcxpresso/tools/bin/../lib/gcc/arm-none-eabi/5.3.1/../../../../arm-none-eabi/lib/armv7e-m/softfp/libcr_c.a(memset.o)
                0x00004cd6                memset
 .text._deferredlazyseek
                0x00004cda       0x44 /usr/local/lpcxpresso_8.2.0_647/lpcxpresso/tools/bin/../lib/gcc/arm-none-eabi/5.3.1/../../../../arm-none-eabi/lib/armv7e-m/softfp/libcr_c.a(_deferredlazyseek.o)
                0x00004cda                _deferredlazyseek
 .text.__flsbuf
                0x00004d1e      0x140 /usr/local/lpcxpresso_8.2.0_647/lpcxpresso/tools/bin/../lib/gcc/arm-none-eabi/5.3.1/../../../../arm-none-eabi/lib/armv7e-m/softfp/libcr_c.a(_deferredlazyseek.o)
                0x00004d1e                __flsbuf
 .text._fdopen  0x00004e5e       0x6a /usr/local/lpcxpresso_8.2.0_647/lpcxpresso/tools/bin/../lib/gcc/arm-none-eabi/5.3.1/../../../../arm-none-eabi/lib/armv7e-m/softfp/libcr_c.a(_fdopen.o)
                0x00004e5e                _fdopen
 .text._fflush  0x00004ec8       0x58 /usr/local/lpcxpresso_8.2.0_647/lpcxpresso/tools/bin/../lib/gcc/arm-none-eabi/5.3.1/../../../../arm-none-eabi/lib/armv7e-m/softfp/libcr_c.a(_fflush.o)
                0x00004ec8                _fflush
 .text._frexpl  0x00004f20       0x5a /usr/local/lpcxpresso_8.2.0_647/lpcxpresso/tools/bin/../lib/gcc/arm-none-eabi/5.3.1/../../../../arm-none-eabi/lib/armv7e-m/softfp/libcr_c.a(_frexpl.o)
                0x00004f20                _frexpl
 *fill*         0x00004f7a        0x2 ff
 .text._ldexpl  0x00004f7c       0x4c /usr/local/lpcxpresso_8.2.0_647/lpcxpresso/tools/bin/../lib/gcc/arm-none-eabi/5.3.1/../../../../arm-none-eabi/lib/armv7e-m/softfp/libcr_c.a(_ldexpl.o)
                0x00004f7c                _ldexpl
 .text._Cwritebuf
                0x00004fc8       0x68 /usr/local/lpcxpresso_8.2.0_647/lpcxpresso/tools/bin/../lib/gcc/arm-none-eabi/5.3.1/../../../../arm-none-eabi/lib/armv7e-m/softfp/libcr_c.a(_writebuf.o)
                0x00004fc8                _Cwritebuf
 .text.malloc   0x00005030       0xc8 /usr/local/lpcxpresso_8.2.0_647/lpcxpresso/tools/bin/../lib/gcc/arm-none-eabi/5.3.1/../../../../arm-none-eabi/lib/armv7e-m/softfp/libcr_c.a(alloc.o)
                0x00005030                malloc
 .text.free     0x000050f8       0x30 /usr/local/lpcxpresso_8.2.0_647/lpcxpresso/tools/bin/../lib/gcc/arm-none-eabi/5.3.1/../../../../arm-none-eabi/lib/armv7e-m/softfp/libcr_c.a(alloc.o)
                0x000050f8                free
 .text._Csys_alloc
                0x00005128       0x20 /usr/local/lpcxpresso_8.2.0_647/lpcxpresso/tools/bin/../lib/gcc/arm-none-eabi/5.3.1/../../../../arm-none-eabi/lib/armv7e-m/softfp/libcr_c.a(alloc.o)
                0x00005128                _Csys_alloc
 .text.fclose   0x00005148       0x6c /usr/local/lpcxpresso_8.2.0_647/lpcxpresso/tools/bin/../lib/gcc/arm-none-eabi/5.3.1/../../../../arm-none-eabi/lib/armv7e-m/softfp/libcr_c.a(fclose.o)
                0x00005148                fclose
 .text.fflush   0x000051b4       0x30 /usr/local/lpcxpresso_8.2.0_647/lpcxpresso/tools/bin/../lib/gcc/arm-none-eabi/5.3.1/../../../../arm-none-eabi/lib/armv7e-m/softfp/libcr_c.a(fflush.o)
                0x000051b4                fflush
 .text.fseek    0x000051e4      0x110 /usr/local/lpcxpresso_8.2.0_647/lpcxpresso/tools/bin/../lib/gcc/arm-none-eabi/5.3.1/../../../../arm-none-eabi/lib/armv7e-m/softfp/libcr_c.a(fseek.o)
                0x000051e4                fseek
 .text.ftell    0x000052f4       0x4c /usr/local/lpcxpresso_8.2.0_647/lpcxpresso/tools/bin/../lib/gcc/arm-none-eabi/5.3.1/../../../../arm-none-eabi/lib/armv7e-m/softfp/libcr_c.a(ftell.o)
                0x000052f4                ftell
 .text.remove   0x00005340       0x14 /usr/local/lpcxpresso_8.2.0_647/lpcxpresso/tools/bin/../lib/gcc/arm-none-eabi/5.3.1/../../../../arm-none-eabi/lib/armv7e-m/softfp/libcr_c.a(remove.o)
                0x00005340                remove
 .text._sbrk    0x00005354       0x40 /usr/local/lpcxpresso_8.2.0_647/lpcxpresso/tools/bin/../lib/gcc/arm-none-eabi/5.3.1/../../../../arm-none-eabi/lib/armv7e-m/softfp/libcr_c.a(_cr_sbrk.o)
                0x00005354                _sbrk
 .text._do_fflush
                0x00005394       0x44 /usr/local/lpcxpresso_8.2.0_647/lpcxpresso/tools/bin/../lib/gcc/arm-none-eabi/5.3.1/../../../../arm-none-eabi/lib/armv7e-m/softfp/libcr_c.a(_do_fflush.o)
                0x00005394                _do_fflush
 .text.__check_heap_overflow
                0x000053d8       0x18 /usr/local/lpcxpresso_8.2.0_647/lpcxpresso/tools/bin/../lib/gcc/arm-none-eabi/5.3.1/../../../../arm-none-eabi/lib/armv7e-m/softfp/libcr_c.a(_cr_check_heap.o)
                0x000053d8                __check_heap_overflow
 .text.__aeabi_division_uldivmod
                0x000053f0      0x174 /usr/local/lpcxpresso_8.2.0_647/lpcxpresso/tools/bin/../lib/gcc/arm-none-eabi/5.3.1/armv7e-m/softfp/libcr_eabihelpers.a(division_64.o)
                0x000053f0                __aeabi_uldivmod
                0x000053f4                __bhs_ldivmod1
 .text.__aeabi_division_idiv0
                0x00005564        0x2 /usr/local/lpcxpresso_8.2.0_647/lpcxpresso/tools/bin/../lib/gcc/arm-none-eabi/5.3.1/armv7e-m/softfp/libcr_eabihelpers.a(division_idiv0.o)
                0x00005564                __aeabi_idiv0
 *fill*         0x00005566        0x2 ff
 .text.__aeabi_dmul
                0x00005568      0x110 /usr/local/lpcxpresso_8.2.0_647/lpcxpresso/tools/bin/../lib/gcc/arm-none-eabi/5.3.1/armv7e-m/softfp/libcr_eabihelpers.a(double.o)
                0x00005568                __aeabi_dmul
 .text.__aeabi_ddiv
                0x00005678      0x13c /usr/local/lpcxpresso_8.2.0_647/lpcxpresso/tools/bin/../lib/gcc/arm-none-eabi/5.3.1/armv7e-m/softfp/libcr_eabihelpers.a(double.o)
                0x00005678                __aeabi_ddiv
 .text.__aeabi_dsub
                0x000057b4      0x1b4 /usr/local/lpcxpresso_8.2.0_647/lpcxpresso/tools/bin/../lib/gcc/arm-none-eabi/5.3.1/armv7e-m/softfp/libcr_eabihelpers.a(double.o)
                0x000057b4                __aeabi_dsub
 .text.__aeabi_dadd
                0x00005968      0x114 /usr/local/lpcxpresso_8.2.0_647/lpcxpresso/tools/bin/../lib/gcc/arm-none-eabi/5.3.1/armv7e-m/softfp/libcr_eabihelpers.a(double.o)
                0x00005968                __aeabi_dadd
 .text.__aeabi_d2iz
                0x00005a7c       0x40 /usr/local/lpcxpresso_8.2.0_647/lpcxpresso/tools/bin/../lib/gcc/arm-none-eabi/5.3.1/armv7e-m/softfp/libcr_eabihelpers.a(double.o)
                0x00005a7c                __aeabi_d2iz
 .text.__bhs_ui2d
                0x00005abc       0x46 /usr/local/lpcxpresso_8.2.0_647/lpcxpresso/tools/bin/../lib/gcc/arm-none-eabi/5.3.1/armv7e-m/softfp/libcr_eabihelpers.a(double.o)
                0x00005abc                __bhs_ui2d
 .text.__aeabi_i2d
                0x00005b02       0x10 /usr/local/lpcxpresso_8.2.0_647/lpcxpresso/tools/bin/../lib/gcc/arm-none-eabi/5.3.1/armv7e-m/softfp/libcr_eabihelpers.a(double.o)
                0x00005b02                __aeabi_i2d
 .text.__aeabi_dcmpeq
                0x00005b12       0x30 /usr/local/lpcxpresso_8.2.0_647/lpcxpresso/tools/bin/../lib/gcc/arm-none-eabi/5.3.1/armv7e-m/softfp/libcr_eabihelpers.a(double.o)
                0x00005b12                __aeabi_dcmpeq
 .text.__aeabi_dcmplt
                0x00005b42       0x58 /usr/local/lpcxpresso_8.2.0_647/lpcxpresso/tools/bin/../lib/gcc/arm-none-eabi/5.3.1/armv7e-m/softfp/libcr_eabihelpers.a(double.o)
                0x00005b42                __aeabi_dcmplt
 .text.__aeabi_dcmple
                0x00005b9a       0x54 /usr/local/lpcxpresso_8.2.0_647/lpcxpresso/tools/bin/../lib/gcc/arm-none-eabi/5.3.1/armv7e-m/softfp/libcr_eabihelpers.a(double.o)
                0x00005b9a                __aeabi_dcmple
 .text.__aeabi_dcmpge
                0x00005bee       0x54 /usr/local/lpcxpresso_8.2.0_647/lpcxpresso/tools/bin/../lib/gcc/arm-none-eabi/5.3.1/armv7e-m/softfp/libcr_eabihelpers.a(double.o)
                0x00005bee                __aeabi_dcmpge
 .text.__aeabi_memset_lowlevel
                0x00005c42       0x32 /usr/local/lpcxpresso_8.2.0_647/lpcxpresso/tools/bin/../lib/gcc/arm-none-eabi/5.3.1/armv7e-m/softfp/libcr_eabihelpers.a(memcpy.o)
                0x00005c42                __aeabi_lowlevel_memset
 .text.__sys_appexit
                0x00005c74        0x2 /usr/local/lpcxpresso_8.2.0_647/lpcxpresso/tools/bin/../lib/gcc/arm-none-eabi/5.3.1/../../../../arm-none-eabi/lib/armv7e-m/softfp/libcr_nohost.a(__sys_appexit.o)
                0x00005c74                __exit
                0x00005c74                __sys_appexit
 .text.__sys_close
                0x00005c76        0x6 /usr/local/lpcxpresso_8.2.0_647/lpcxpresso/tools/bin/../lib/gcc/arm-none-eabi/5.3.1/../../../../arm-none-eabi/lib/armv7e-m/softfp/libcr_nohost.a(__sys_close.o)
                0x00005c76                __sys_close
 .text.__sys_flen
                0x00005c7c        0x6 /usr/local/lpcxpresso_8.2.0_647/lpcxpresso/tools/bin/../lib/gcc/arm-none-eabi/5.3.1/../../../../arm-none-eabi/lib/armv7e-m/softfp/libcr_nohost.a(__sys_flen.o)
                0x00005c7c                __sys_flen
 .text.__sys_istty
                0x00005c82        0x6 /usr/local/lpcxpresso_8.2.0_647/lpcxpresso/tools/bin/../lib/gcc/arm-none-eabi/5.3.1/../../../../arm-none-eabi/lib/armv7e-m/softfp/libcr_nohost.a(__sys_istty.o)
                0x00005c82                __sys_istty
 .text.__sys_remove
                0x00005c88        0x6 /usr/local/lpcxpresso_8.2.0_647/lpcxpresso/tools/bin/../lib/gcc/arm-none-eabi/5.3.1/../../../../arm-none-eabi/lib/armv7e-m/softfp/libcr_nohost.a(__sys_remove.o)
                0x00005c88                __sys_remove
 .text.__sys_seek
                0x00005c8e        0x6 /usr/local/lpcxpresso_8.2.0_647/lpcxpresso/tools/bin/../lib/gcc/arm-none-eabi/5.3.1/../../../../arm-none-eabi/lib/armv7e-m/softfp/libcr_nohost.a(__sys_seek.o)
                0x00005c8e                __sys_seek
 .text.__sys_tmpnam
                0x00005c94        0x6 /usr/local/lpcxpresso_8.2.0_647/lpcxpresso/tools/bin/../lib/gcc/arm-none-eabi/5.3.1/../../../../arm-none-eabi/lib/armv7e-m/softfp/libcr_nohost.a(__sys_tmpnam.o)
                0x00005c94                __sys_tmpnam
 *(.rodata .rodata.* .constdata .constdata.*)
 *fill*         0x00005c9a        0x2 ff
 .rodata        0x00005c9c      0x133 ./src/spi_sm_int.o
 *fill*         0x00005dcf        0x1 ff
 .rodata.ledBits
                0x00005dd0        0x3 /home/sfmaudet/work/dplab/naval/workspace/lpc_board_lpcxpresso_54102/Debug/liblpc_board_lpcxpresso_54102.a(board.o)
 *fill*         0x00005dd3        0x1 ff
 .rodata.ExtClockIn
                0x00005dd4        0x4 /home/sfmaudet/work/dplab/naval/workspace/lpc_board_lpcxpresso_54102/Debug/liblpc_board_lpcxpresso_54102.a(board.o)
                0x00005dd4                ExtClockIn
 .rodata.pinmuxing
                0x00005dd8       0xb0 /home/sfmaudet/work/dplab/naval/workspace/lpc_board_lpcxpresso_54102/Debug/liblpc_board_lpcxpresso_54102.a(board_sysinit.o)
 .rodata.tbaseToTimerIDs
                0x00005e88       0x28 /home/sfmaudet/work/dplab/naval/workspace/lpc_chip_5410x/Debug/liblpc_chip_5410x.a(timer_5410x.o)
 .rodata.str1.1
                0x00005eb0       0x34 /usr/local/lpcxpresso_8.2.0_647/lpcxpresso/tools/bin/../lib/gcc/arm-none-eabi/5.3.1/../../../../arm-none-eabi/lib/armv7e-m/softfp/libcr_c.a(fpprintf.o)
                                 0x35 (size before relaxing)
 .rodata.str1.1
                0x00005ee4        0x4 /usr/local/lpcxpresso_8.2.0_647/lpcxpresso/tools/bin/../lib/gcc/arm-none-eabi/5.3.1/../../../../arm-none-eabi/lib/armv7e-m/softfp/libcr_c.a(initio.o)
 .rodata.str1.1
                0x00005ee8       0x31 /usr/local/lpcxpresso_8.2.0_647/lpcxpresso/tools/bin/../lib/gcc/arm-none-eabi/5.3.1/../../../../arm-none-eabi/lib/armv7e-m/softfp/libcr_c.a(printf.o)
                                 0x38 (size before relaxing)
 .rodata.str1.1
                0x00005f19       0x18 /usr/local/lpcxpresso_8.2.0_647/lpcxpresso/tools/bin/../lib/gcc/arm-none-eabi/5.3.1/../../../../arm-none-eabi/lib/armv7e-m/softfp/libcr_c.a(alloc.o)
 *fill*         0x00005f31        0x7 ff
 .rodata.__huge_vall
                0x00005f38        0x8 /usr/local/lpcxpresso_8.2.0_647/lpcxpresso/tools/bin/../lib/gcc/arm-none-eabi/5.3.1/../../../../arm-none-eabi/lib/armv7e-m/softfp/libcr_c.a(_hugeval.o)
                0x00005f38                __huge_vall
                0x00005f40                . = ALIGN (0x4)

.glue_7         0x00005f40        0x0
 .glue_7        0x00005f40        0x0 linker stubs

.glue_7t        0x00005f40        0x0
 .glue_7t       0x00005f40        0x0 linker stubs

.vfp11_veneer   0x00005f40        0x0
 .vfp11_veneer  0x00005f40        0x0 linker stubs

.v4_bx          0x00005f40        0x0
 .v4_bx         0x00005f40        0x0 linker stubs

.iplt           0x00005f40        0x0
 .iplt          0x00005f40        0x0 ./src/cr_startup_lpc5410x.o

.rel.dyn        0x00005f40        0x0
 .rel.iplt      0x00005f40        0x0 ./src/cr_startup_lpc5410x.o

.ARM.extab
 *(.ARM.extab* .gnu.linkonce.armextab.*)
                0x00005f40                __exidx_start = .

.ARM.exidx
 *(.ARM.exidx* .gnu.linkonce.armexidx.*)
                0x00005f40                __exidx_end = .
                0x00005f40                _etext = .

.data_RAM2      0x02010000        0x0 load address 0x00005f40
 FILL mask 0xff
                [!provide]                PROVIDE (__start_data_RAM2, .)
 *(.ramfunc.$RAM2)
 *(.ramfunc.$Ram1_32)
 *(.data.$RAM2*)
 *(.data.$Ram1_32*)
                0x02010000                . = ALIGN (0x4)
                [!provide]                PROVIDE (__end_data_RAM2, .)

.data_RAM3      0x03400000        0x0 load address 0x00005f40
 FILL mask 0xff
                [!provide]                PROVIDE (__start_data_RAM3, .)
 *(.ramfunc.$RAM3)
 *(.ramfunc.$Ram2_8)
 *(.data.$RAM3*)
 *(.data.$Ram2_8*)
                0x03400000                . = ALIGN (0x4)
                [!provide]                PROVIDE (__end_data_RAM3, .)

.uninit_RESERVED
                0x02000000        0x0
 *(.bss.$RESERVED*)
                0x02000000                . = ALIGN (0x4)
                0x02000000                _end_uninit_RESERVED = .

.data           0x02000000        0x0 load address 0x00005f40
 FILL mask 0xff
                0x02000000                _data = .
 *(vtable)
 *(.ramfunc*)
 *(.data*)
                0x02000000                . = ALIGN (0x4)
                0x02000000                _edata = .

.igot.plt       0x02000000        0x0 load address 0x00005f40
 .igot.plt      0x02000000        0x0 ./src/cr_startup_lpc5410x.o

.bss_RAM2       0x02010000        0x0
                [!provide]                PROVIDE (__start_bss_RAM2, .)
 *(.bss.$RAM2*)
 *(.bss.$Ram1_32*)
                0x02010000                . = ALIGN ((. != 0x0)?0x4:0x1)
                [!provide]                PROVIDE (__end_bss_RAM2, .)

.bss_RAM3       0x03400000        0x0
                [!provide]                PROVIDE (__start_bss_RAM3, .)
 *(.bss.$RAM3*)
 *(.bss.$Ram2_8*)
                0x03400000                . = ALIGN ((. != 0x0)?0x4:0x1)
                [!provide]                PROVIDE (__end_bss_RAM3, .)

.bss            0x02000000      0x230
                0x02000000                _bss = .
 *(.bss*)
 .bss.masterTime
                0x02000000        0x4 ./src/spi_sm_int.o
 .bss.errors    0x02000004        0x4 ./src/spi_sm_int.o
 .bss.curPllRate
                0x02000008        0x4 /home/sfmaudet/work/dplab/naval/workspace/lpc_chip_5410x/Debug/liblpc_chip_5410x.a(pll_5410x.o)
 .bss.ticksPerSecond
                0x0200000c        0x4 /home/sfmaudet/work/dplab/naval/workspace/lpc_chip_5410x/Debug/liblpc_chip_5410x.a(stopwatch_5410x.o)
 .bss.ticksPerMs
                0x02000010        0x4 /home/sfmaudet/work/dplab/naval/workspace/lpc_chip_5410x/Debug/liblpc_chip_5410x.a(stopwatch_5410x.o)
 .bss.ticksPerUs
                0x02000014        0x4 /home/sfmaudet/work/dplab/naval/workspace/lpc_chip_5410x/Debug/liblpc_chip_5410x.a(stopwatch_5410x.o)
 .bss._extra    0x02000018        0x4 /usr/local/lpcxpresso_8.2.0_647/lpcxpresso/tools/bin/../lib/gcc/arm-none-eabi/5.3.1/../../../../arm-none-eabi/lib/armv7e-m/softfp/libcr_c.a(initio.o)
                0x02000018                _extra
 .bss.__Ciob    0x0200001c      0x140 /usr/local/lpcxpresso_8.2.0_647/lpcxpresso/tools/bin/../lib/gcc/arm-none-eabi/5.3.1/../../../../arm-none-eabi/lib/armv7e-m/softfp/libcr_c.a(stdio.o)
                0x0200001c                __Ciob
 .bss.errno     0x0200015c        0x4 /usr/local/lpcxpresso_8.2.0_647/lpcxpresso/tools/bin/../lib/gcc/arm-none-eabi/5.3.1/../../../../arm-none-eabi/lib/armv7e-m/softfp/libcr_c.a(errno.o)
                0x0200015c                errno
 .bss.__heaps   0x02000160        0x4 /usr/local/lpcxpresso_8.2.0_647/lpcxpresso/tools/bin/../lib/gcc/arm-none-eabi/5.3.1/../../../../arm-none-eabi/lib/armv7e-m/softfp/libcr_c.a(__init_alloc.o)
                0x02000160                __heaps
 .bss.__end_of_heap
                0x02000164        0x4 /usr/local/lpcxpresso_8.2.0_647/lpcxpresso/tools/bin/../lib/gcc/arm-none-eabi/5.3.1/../../../../arm-none-eabi/lib/armv7e-m/softfp/libcr_c.a(__init_alloc.o)
                0x02000164                __end_of_heap
 *(COMMON)
 COMMON         0x02000168        0x4 ./src/cr_startup_lpc5410x.o
                0x02000168                __SWVtrace_Enabled
 COMMON         0x0200016c       0xc0 ./src/spi_sm_int.o
                0x0200016c                spiSlaveXfer
                0x0200018c                slaveTXBuffer16
                0x020001ac                masterTXBuffer16
                0x020001cc                masterRXBuffer16
                0x020001ec                slaveRXBuffer16
                0x0200020c                spiMasterXfer
 COMMON         0x0200022c        0x4 /home/sfmaudet/work/dplab/naval/workspace/lpc_chip_5410x/Debug/liblpc_chip_5410x.a(chip_5410x.o)
                0x0200022c                SystemCoreClock
                0x02000230                . = ALIGN (0x4)
                0x02000230                _ebss = .
                [!provide]                PROVIDE (end, .)

.noinit_RAM2    0x02010000        0x0
 *(.noinit.$RAM2*)
 *(.noinit.$Ram1_32*)
                0x02010000                . = ALIGN (0x4)

.noinit_RAM3    0x03400000        0x0
 *(.noinit.$RAM3*)
 *(.noinit.$Ram2_8*)
                0x03400000                . = ALIGN (0x4)

.noinit         0x02000230        0x0
                0x02000230                _noinit = .
 *(.noinit*)
                0x02000230                . = ALIGN (0x4)
                0x02000230                _end_noinit = .
                0x02000230                PROVIDE (_pvHeapStart, DEFINED (__user_heap_base)?__user_heap_base:.)
                0x02010000                PROVIDE (_vStackTop, DEFINED (__user_stack_top)?__user_stack_top:(__top_Ram0_64 - 0x0))
                0xfdfef552                PROVIDE (__valid_user_code_checksum, (0x0 - ((((((_vStackTop + (ResetISR + 0x1)) + (NMI_Handler + 0x1)) + (HardFault_Handler + 0x1)) + (DEFINED (MemManage_Handler)?MemManage_Handler:0x0 + 0x1)) + (DEFINED (BusFault_Handler)?BusFault_Handler:0x0 + 0x1)) + (DEFINED (UsageFault_Handler)?UsageFault_Handler:0x0 + 0x1))))
OUTPUT(periph_spi_sm_int.axf elf32-littlearm)

.debug_info     0x00000000     0x89db
 .debug_info    0x00000000      0x2b7 ./src/cr_startup_lpc5410x.o
 .debug_info    0x000002b7       0x3f ./src/crp.o
 .debug_info    0x000002f6      0xf3c ./src/spi_sm_int.o
 .debug_info    0x00001232      0x2c4 ./src/sysinit.o
 .debug_info    0x000014f6      0x703 /home/sfmaudet/work/dplab/naval/workspace/lpc_board_lpcxpresso_54102/Debug/liblpc_board_lpcxpresso_54102.a(board.o)
 .debug_info    0x00001bf9      0xa2c /home/sfmaudet/work/dplab/naval/workspace/lpc_board_lpcxpresso_54102/Debug/liblpc_board_lpcxpresso_54102.a(board_sysinit.o)
 .debug_info    0x00002625       0xf7 /home/sfmaudet/work/dplab/naval/workspace/lpc_chip_5410x/Debug/liblpc_chip_5410x.a(chip_5410x.o)
 .debug_info    0x0000271c      0xd15 /home/sfmaudet/work/dplab/naval/workspace/lpc_chip_5410x/Debug/liblpc_chip_5410x.a(clock_5410x.o)
 .debug_info    0x00003431      0x128 /home/sfmaudet/work/dplab/naval/workspace/lpc_chip_5410x/Debug/liblpc_chip_5410x.a(fpu_init.o)
 .debug_info    0x00003559      0x60d /home/sfmaudet/work/dplab/naval/workspace/lpc_chip_5410x/Debug/liblpc_chip_5410x.a(gpio_5410x.o)
 .debug_info    0x00003b66      0x1f5 /home/sfmaudet/work/dplab/naval/workspace/lpc_chip_5410x/Debug/liblpc_chip_5410x.a(iocon_5410x.o)
 .debug_info    0x00003d5b      0xfe1 /home/sfmaudet/work/dplab/naval/workspace/lpc_chip_5410x/Debug/liblpc_chip_5410x.a(pll_5410x.o)
 .debug_info    0x00004d3c      0x283 /home/sfmaudet/work/dplab/naval/workspace/lpc_chip_5410x/Debug/liblpc_chip_5410x.a(spi_common_5410x.o)
 .debug_info    0x00004fbf      0x51a /home/sfmaudet/work/dplab/naval/workspace/lpc_chip_5410x/Debug/liblpc_chip_5410x.a(spim_5410x.o)
 .debug_info    0x000054d9      0x43e /home/sfmaudet/work/dplab/naval/workspace/lpc_chip_5410x/Debug/liblpc_chip_5410x.a(spis_5410x.o)
 .debug_info    0x00005917      0x360 /home/sfmaudet/work/dplab/naval/workspace/lpc_chip_5410x/Debug/liblpc_chip_5410x.a(stopwatch_5410x.o)
 .debug_info    0x00005c77      0x8e6 /home/sfmaudet/work/dplab/naval/workspace/lpc_chip_5410x/Debug/liblpc_chip_5410x.a(syscon_5410x.o)
 .debug_info    0x0000655d      0xc4e /home/sfmaudet/work/dplab/naval/workspace/lpc_chip_5410x/Debug/liblpc_chip_5410x.a(sysinit_5410x.o)
 .debug_info    0x000071ab      0x580 /home/sfmaudet/work/dplab/naval/workspace/lpc_chip_5410x/Debug/liblpc_chip_5410x.a(timer_5410x.o)
 .debug_info    0x0000772b     0x12b0 /home/sfmaudet/work/dplab/naval/workspace/lpc_chip_5410x/Debug/liblpc_chip_5410x.a(uart_5410x.o)

.debug_abbrev   0x00000000     0x1f48
 .debug_abbrev  0x00000000       0xed ./src/cr_startup_lpc5410x.o
 .debug_abbrev  0x000000ed       0x36 ./src/crp.o
 .debug_abbrev  0x00000123      0x337 ./src/spi_sm_int.o
 .debug_abbrev  0x0000045a       0xe3 ./src/sysinit.o
 .debug_abbrev  0x0000053d      0x224 /home/sfmaudet/work/dplab/naval/workspace/lpc_board_lpcxpresso_54102/Debug/liblpc_board_lpcxpresso_54102.a(board.o)
 .debug_abbrev  0x00000761      0x1d7 /home/sfmaudet/work/dplab/naval/workspace/lpc_board_lpcxpresso_54102/Debug/liblpc_board_lpcxpresso_54102.a(board_sysinit.o)
 .debug_abbrev  0x00000938       0xab /home/sfmaudet/work/dplab/naval/workspace/lpc_chip_5410x/Debug/liblpc_chip_5410x.a(chip_5410x.o)
 .debug_abbrev  0x000009e3      0x26f /home/sfmaudet/work/dplab/naval/workspace/lpc_chip_5410x/Debug/liblpc_chip_5410x.a(clock_5410x.o)
 .debug_abbrev  0x00000c52       0x84 /home/sfmaudet/work/dplab/naval/workspace/lpc_chip_5410x/Debug/liblpc_chip_5410x.a(fpu_init.o)
 .debug_abbrev  0x00000cd6      0x152 /home/sfmaudet/work/dplab/naval/workspace/lpc_chip_5410x/Debug/liblpc_chip_5410x.a(gpio_5410x.o)
 .debug_abbrev  0x00000e28      0x137 /home/sfmaudet/work/dplab/naval/workspace/lpc_chip_5410x/Debug/liblpc_chip_5410x.a(iocon_5410x.o)
 .debug_abbrev  0x00000f5f      0x247 /home/sfmaudet/work/dplab/naval/workspace/lpc_chip_5410x/Debug/liblpc_chip_5410x.a(pll_5410x.o)
 .debug_abbrev  0x000011a6      0x146 /home/sfmaudet/work/dplab/naval/workspace/lpc_chip_5410x/Debug/liblpc_chip_5410x.a(spi_common_5410x.o)
 .debug_abbrev  0x000012ec      0x1bd /home/sfmaudet/work/dplab/naval/workspace/lpc_chip_5410x/Debug/liblpc_chip_5410x.a(spim_5410x.o)
 .debug_abbrev  0x000014a9      0x182 /home/sfmaudet/work/dplab/naval/workspace/lpc_chip_5410x/Debug/liblpc_chip_5410x.a(spis_5410x.o)
 .debug_abbrev  0x0000162b      0x191 /home/sfmaudet/work/dplab/naval/workspace/lpc_chip_5410x/Debug/liblpc_chip_5410x.a(stopwatch_5410x.o)
 .debug_abbrev  0x000017bc      0x18f /home/sfmaudet/work/dplab/naval/workspace/lpc_chip_5410x/Debug/liblpc_chip_5410x.a(syscon_5410x.o)
 .debug_abbrev  0x0000194b      0x1ee /home/sfmaudet/work/dplab/naval/workspace/lpc_chip_5410x/Debug/liblpc_chip_5410x.a(sysinit_5410x.o)
 .debug_abbrev  0x00001b39      0x181 /home/sfmaudet/work/dplab/naval/workspace/lpc_chip_5410x/Debug/liblpc_chip_5410x.a(timer_5410x.o)
 .debug_abbrev  0x00001cba      0x28e /home/sfmaudet/work/dplab/naval/workspace/lpc_chip_5410x/Debug/liblpc_chip_5410x.a(uart_5410x.o)

.debug_aranges  0x00000000      0x8b8
 .debug_aranges
                0x00000000       0x80 ./src/cr_startup_lpc5410x.o
 .debug_aranges
                0x00000080       0x18 ./src/crp.o
 .debug_aranges
                0x00000098       0xf8 ./src/spi_sm_int.o
 .debug_aranges
                0x00000190       0x20 ./src/sysinit.o
 .debug_aranges
                0x000001b0       0xb0 /home/sfmaudet/work/dplab/naval/workspace/lpc_board_lpcxpresso_54102/Debug/liblpc_board_lpcxpresso_54102.a(board.o)
 .debug_aranges
                0x00000260       0x58 /home/sfmaudet/work/dplab/naval/workspace/lpc_board_lpcxpresso_54102/Debug/liblpc_board_lpcxpresso_54102.a(board_sysinit.o)
 .debug_aranges
                0x000002b8       0x20 /home/sfmaudet/work/dplab/naval/workspace/lpc_chip_5410x/Debug/liblpc_chip_5410x.a(chip_5410x.o)
 .debug_aranges
                0x000002d8       0xf0 /home/sfmaudet/work/dplab/naval/workspace/lpc_chip_5410x/Debug/liblpc_chip_5410x.a(clock_5410x.o)
 .debug_aranges
                0x000003c8       0x20 /home/sfmaudet/work/dplab/naval/workspace/lpc_chip_5410x/Debug/liblpc_chip_5410x.a(fpu_init.o)
 .debug_aranges
                0x000003e8       0x68 /home/sfmaudet/work/dplab/naval/workspace/lpc_chip_5410x/Debug/liblpc_chip_5410x.a(gpio_5410x.o)
 .debug_aranges
                0x00000450       0x28 /home/sfmaudet/work/dplab/naval/workspace/lpc_chip_5410x/Debug/liblpc_chip_5410x.a(iocon_5410x.o)
 .debug_aranges
                0x00000478       0xe8 /home/sfmaudet/work/dplab/naval/workspace/lpc_chip_5410x/Debug/liblpc_chip_5410x.a(pll_5410x.o)
 .debug_aranges
                0x00000560       0x28 /home/sfmaudet/work/dplab/naval/workspace/lpc_chip_5410x/Debug/liblpc_chip_5410x.a(spi_common_5410x.o)
 .debug_aranges
                0x00000588       0x78 /home/sfmaudet/work/dplab/naval/workspace/lpc_chip_5410x/Debug/liblpc_chip_5410x.a(spim_5410x.o)
 .debug_aranges
                0x00000600       0x58 /home/sfmaudet/work/dplab/naval/workspace/lpc_chip_5410x/Debug/liblpc_chip_5410x.a(spis_5410x.o)
 .debug_aranges
                0x00000658       0x68 /home/sfmaudet/work/dplab/naval/workspace/lpc_chip_5410x/Debug/liblpc_chip_5410x.a(stopwatch_5410x.o)
 .debug_aranges
                0x000006c0       0x60 /home/sfmaudet/work/dplab/naval/workspace/lpc_chip_5410x/Debug/liblpc_chip_5410x.a(syscon_5410x.o)
 .debug_aranges
                0x00000720       0x68 /home/sfmaudet/work/dplab/naval/workspace/lpc_chip_5410x/Debug/liblpc_chip_5410x.a(sysinit_5410x.o)
 .debug_aranges
                0x00000788       0x40 /home/sfmaudet/work/dplab/naval/workspace/lpc_chip_5410x/Debug/liblpc_chip_5410x.a(timer_5410x.o)
 .debug_aranges
                0x000007c8       0xf0 /home/sfmaudet/work/dplab/naval/workspace/lpc_chip_5410x/Debug/liblpc_chip_5410x.a(uart_5410x.o)

.debug_ranges   0x00000000      0x788
 .debug_ranges  0x00000000       0x70 ./src/cr_startup_lpc5410x.o
 .debug_ranges  0x00000070       0xe8 ./src/spi_sm_int.o
 .debug_ranges  0x00000158       0x10 ./src/sysinit.o
 .debug_ranges  0x00000168       0xa0 /home/sfmaudet/work/dplab/naval/workspace/lpc_board_lpcxpresso_54102/Debug/liblpc_board_lpcxpresso_54102.a(board.o)
 .debug_ranges  0x00000208       0x48 /home/sfmaudet/work/dplab/naval/workspace/lpc_board_lpcxpresso_54102/Debug/liblpc_board_lpcxpresso_54102.a(board_sysinit.o)
 .debug_ranges  0x00000250       0x10 /home/sfmaudet/work/dplab/naval/workspace/lpc_chip_5410x/Debug/liblpc_chip_5410x.a(chip_5410x.o)
 .debug_ranges  0x00000260       0xe0 /home/sfmaudet/work/dplab/naval/workspace/lpc_chip_5410x/Debug/liblpc_chip_5410x.a(clock_5410x.o)
 .debug_ranges  0x00000340       0x10 /home/sfmaudet/work/dplab/naval/workspace/lpc_chip_5410x/Debug/liblpc_chip_5410x.a(fpu_init.o)
 .debug_ranges  0x00000350       0x58 /home/sfmaudet/work/dplab/naval/workspace/lpc_chip_5410x/Debug/liblpc_chip_5410x.a(gpio_5410x.o)
 .debug_ranges  0x000003a8       0x18 /home/sfmaudet/work/dplab/naval/workspace/lpc_chip_5410x/Debug/liblpc_chip_5410x.a(iocon_5410x.o)
 .debug_ranges  0x000003c0       0xd8 /home/sfmaudet/work/dplab/naval/workspace/lpc_chip_5410x/Debug/liblpc_chip_5410x.a(pll_5410x.o)
 .debug_ranges  0x00000498       0x18 /home/sfmaudet/work/dplab/naval/workspace/lpc_chip_5410x/Debug/liblpc_chip_5410x.a(spi_common_5410x.o)
 .debug_ranges  0x000004b0       0x68 /home/sfmaudet/work/dplab/naval/workspace/lpc_chip_5410x/Debug/liblpc_chip_5410x.a(spim_5410x.o)
 .debug_ranges  0x00000518       0x48 /home/sfmaudet/work/dplab/naval/workspace/lpc_chip_5410x/Debug/liblpc_chip_5410x.a(spis_5410x.o)
 .debug_ranges  0x00000560       0x58 /home/sfmaudet/work/dplab/naval/workspace/lpc_chip_5410x/Debug/liblpc_chip_5410x.a(stopwatch_5410x.o)
 .debug_ranges  0x000005b8       0x50 /home/sfmaudet/work/dplab/naval/workspace/lpc_chip_5410x/Debug/liblpc_chip_5410x.a(syscon_5410x.o)
 .debug_ranges  0x00000608       0x58 /home/sfmaudet/work/dplab/naval/workspace/lpc_chip_5410x/Debug/liblpc_chip_5410x.a(sysinit_5410x.o)
 .debug_ranges  0x00000660       0x30 /home/sfmaudet/work/dplab/naval/workspace/lpc_chip_5410x/Debug/liblpc_chip_5410x.a(timer_5410x.o)
 .debug_ranges  0x00000690       0xf8 /home/sfmaudet/work/dplab/naval/workspace/lpc_chip_5410x/Debug/liblpc_chip_5410x.a(uart_5410x.o)

.debug_macro    0x00000000     0x7311
 .debug_macro   0x00000000       0x1d ./src/cr_startup_lpc5410x.o
 .debug_macro   0x0000001d      0x8b6 ./src/cr_startup_lpc5410x.o
 .debug_macro   0x000008d3       0x1a ./src/crp.o
 .debug_macro   0x000008ed       0x34 ./src/crp.o
 .debug_macro   0x00000921      0x28e ./src/spi_sm_int.o
 .debug_macro   0x00000baf       0x10 ./src/spi_sm_int.o
 .debug_macro   0x00000bbf      0x12d ./src/spi_sm_int.o
 .debug_macro   0x00000cec      0x5b2 ./src/spi_sm_int.o
 .debug_macro   0x0000129e       0x22 ./src/spi_sm_int.o
 .debug_macro   0x000012c0       0x82 ./src/spi_sm_int.o
 .debug_macro   0x00001342       0x2d ./src/spi_sm_int.o
 .debug_macro   0x0000136f       0x3b ./src/spi_sm_int.o
 .debug_macro   0x000013aa       0x2d ./src/spi_sm_int.o
 .debug_macro   0x000013d7       0x42 ./src/spi_sm_int.o
 .debug_macro   0x00001419      0xd39 ./src/spi_sm_int.o
 .debug_macro   0x00002152      0x1d9 ./src/spi_sm_int.o
 .debug_macro   0x0000232b       0xca ./src/spi_sm_int.o
 .debug_macro   0x000023f5       0x18 ./src/spi_sm_int.o
 .debug_macro   0x0000240d       0x16 ./src/spi_sm_int.o
 .debug_macro   0x00002423      0x129 ./src/spi_sm_int.o
 .debug_macro   0x0000254c       0x2d ./src/spi_sm_int.o
 .debug_macro   0x00002579       0x16 ./src/spi_sm_int.o
 .debug_macro   0x0000258f       0x32 ./src/spi_sm_int.o
 .debug_macro   0x000025c1       0xb8 ./src/spi_sm_int.o
 .debug_macro   0x00002679       0x70 ./src/spi_sm_int.o
 .debug_macro   0x000026e9       0x6a ./src/spi_sm_int.o
 .debug_macro   0x00002753       0xc5 ./src/spi_sm_int.o
 .debug_macro   0x00002818       0x76 ./src/spi_sm_int.o
 .debug_macro   0x0000288e       0x34 ./src/spi_sm_int.o
 .debug_macro   0x000028c2      0x205 ./src/spi_sm_int.o
 .debug_macro   0x00002ac7       0x40 ./src/spi_sm_int.o
 .debug_macro   0x00002b07       0x6a ./src/spi_sm_int.o
 .debug_macro   0x00002b71       0x22 ./src/spi_sm_int.o
 .debug_macro   0x00002b93       0x28 ./src/spi_sm_int.o
 .debug_macro   0x00002bbb       0x1c ./src/spi_sm_int.o
 .debug_macro   0x00002bd7       0x10 ./src/spi_sm_int.o
 .debug_macro   0x00002be7       0x1f ./src/spi_sm_int.o
 .debug_macro   0x00002c06      0x1f1 ./src/spi_sm_int.o
 .debug_macro   0x00002df7      0x13a ./src/spi_sm_int.o
 .debug_macro   0x00002f31       0x16 ./src/spi_sm_int.o
 .debug_macro   0x00002f47      0x1f6 ./src/spi_sm_int.o
 .debug_macro   0x0000313d      0x430 ./src/spi_sm_int.o
 .debug_macro   0x0000356d       0x34 ./src/spi_sm_int.o
 .debug_macro   0x000035a1       0x1c ./src/spi_sm_int.o
 .debug_macro   0x000035bd      0x477 ./src/spi_sm_int.o
 .debug_macro   0x00003a34       0x34 ./src/spi_sm_int.o
 .debug_macro   0x00003a68       0x34 ./src/spi_sm_int.o
 .debug_macro   0x00003a9c       0x9a ./src/spi_sm_int.o
 .debug_macro   0x00003b36       0x20 ./src/spi_sm_int.o
 .debug_macro   0x00003b56      0x254 ./src/sysinit.o
 .debug_macro   0x00003daa      0x27b /home/sfmaudet/work/dplab/naval/workspace/lpc_board_lpcxpresso_54102/Debug/liblpc_board_lpcxpresso_54102.a(board.o)
 .debug_macro   0x00004025      0x89e /home/sfmaudet/work/dplab/naval/workspace/lpc_board_lpcxpresso_54102/Debug/liblpc_board_lpcxpresso_54102.a(board.o)
 .debug_macro   0x000048c3       0x7b /home/sfmaudet/work/dplab/naval/workspace/lpc_board_lpcxpresso_54102/Debug/liblpc_board_lpcxpresso_54102.a(board.o)
 .debug_macro   0x0000493e       0x12 /home/sfmaudet/work/dplab/naval/workspace/lpc_board_lpcxpresso_54102/Debug/liblpc_board_lpcxpresso_54102.a(board.o)
 .debug_macro   0x00004950      0x262 /home/sfmaudet/work/dplab/naval/workspace/lpc_board_lpcxpresso_54102/Debug/liblpc_board_lpcxpresso_54102.a(board_sysinit.o)
 .debug_macro   0x00004bb2      0x21f /home/sfmaudet/work/dplab/naval/workspace/lpc_chip_5410x/Debug/liblpc_chip_5410x.a(chip_5410x.o)
 .debug_macro   0x00004dd1      0x8a4 /home/sfmaudet/work/dplab/naval/workspace/lpc_chip_5410x/Debug/liblpc_chip_5410x.a(chip_5410x.o)
 .debug_macro   0x00005675      0x21f /home/sfmaudet/work/dplab/naval/workspace/lpc_chip_5410x/Debug/liblpc_chip_5410x.a(clock_5410x.o)
 .debug_macro   0x00005894       0xb2 /home/sfmaudet/work/dplab/naval/workspace/lpc_chip_5410x/Debug/liblpc_chip_5410x.a(fpu_init.o)
 .debug_macro   0x00005946      0x21f /home/sfmaudet/work/dplab/naval/workspace/lpc_chip_5410x/Debug/liblpc_chip_5410x.a(gpio_5410x.o)
 .debug_macro   0x00005b65      0x21f /home/sfmaudet/work/dplab/naval/workspace/lpc_chip_5410x/Debug/liblpc_chip_5410x.a(iocon_5410x.o)
 .debug_macro   0x00005d84      0x47f /home/sfmaudet/work/dplab/naval/workspace/lpc_chip_5410x/Debug/liblpc_chip_5410x.a(pll_5410x.o)
 .debug_macro   0x00006203      0x21f /home/sfmaudet/work/dplab/naval/workspace/lpc_chip_5410x/Debug/liblpc_chip_5410x.a(spi_common_5410x.o)
 .debug_macro   0x00006422      0x21f /home/sfmaudet/work/dplab/naval/workspace/lpc_chip_5410x/Debug/liblpc_chip_5410x.a(spim_5410x.o)
 .debug_macro   0x00006641      0x21f /home/sfmaudet/work/dplab/naval/workspace/lpc_chip_5410x/Debug/liblpc_chip_5410x.a(spis_5410x.o)
 .debug_macro   0x00006860      0x22f /home/sfmaudet/work/dplab/naval/workspace/lpc_chip_5410x/Debug/liblpc_chip_5410x.a(stopwatch_5410x.o)
 .debug_macro   0x00006a8f      0x21f /home/sfmaudet/work/dplab/naval/workspace/lpc_chip_5410x/Debug/liblpc_chip_5410x.a(syscon_5410x.o)
 .debug_macro   0x00006cae      0x21f /home/sfmaudet/work/dplab/naval/workspace/lpc_chip_5410x/Debug/liblpc_chip_5410x.a(sysinit_5410x.o)
 .debug_macro   0x00006ecd      0x225 /home/sfmaudet/work/dplab/naval/workspace/lpc_chip_5410x/Debug/liblpc_chip_5410x.a(timer_5410x.o)
 .debug_macro   0x000070f2      0x21f /home/sfmaudet/work/dplab/naval/workspace/lpc_chip_5410x/Debug/liblpc_chip_5410x.a(uart_5410x.o)

.debug_line     0x00000000     0x6089
 .debug_line    0x00000000       0xef ./src/cr_startup_lpc5410x.o
 .debug_line    0x000000ef       0x7c ./src/crp.o
 .debug_line    0x0000016b      0x796 ./src/spi_sm_int.o
 .debug_line    0x00000901      0x495 ./src/sysinit.o
 .debug_line    0x00000d96      0x647 /home/sfmaudet/work/dplab/naval/workspace/lpc_board_lpcxpresso_54102/Debug/liblpc_board_lpcxpresso_54102.a(board.o)
 .debug_line    0x000013dd      0x531 /home/sfmaudet/work/dplab/naval/workspace/lpc_board_lpcxpresso_54102/Debug/liblpc_board_lpcxpresso_54102.a(board_sysinit.o)
 .debug_line    0x0000190e      0x426 /home/sfmaudet/work/dplab/naval/workspace/lpc_chip_5410x/Debug/liblpc_chip_5410x.a(chip_5410x.o)
 .debug_line    0x00001d34      0x690 /home/sfmaudet/work/dplab/naval/workspace/lpc_chip_5410x/Debug/liblpc_chip_5410x.a(clock_5410x.o)
 .debug_line    0x000023c4      0x1e8 /home/sfmaudet/work/dplab/naval/workspace/lpc_chip_5410x/Debug/liblpc_chip_5410x.a(fpu_init.o)
 .debug_line    0x000025ac      0x4e7 /home/sfmaudet/work/dplab/naval/workspace/lpc_chip_5410x/Debug/liblpc_chip_5410x.a(gpio_5410x.o)
 .debug_line    0x00002a93      0x44d /home/sfmaudet/work/dplab/naval/workspace/lpc_chip_5410x/Debug/liblpc_chip_5410x.a(iocon_5410x.o)
 .debug_line    0x00002ee0      0x807 /home/sfmaudet/work/dplab/naval/workspace/lpc_chip_5410x/Debug/liblpc_chip_5410x.a(pll_5410x.o)
 .debug_line    0x000036e7      0x447 /home/sfmaudet/work/dplab/naval/workspace/lpc_chip_5410x/Debug/liblpc_chip_5410x.a(spi_common_5410x.o)
 .debug_line    0x00003b2e      0x585 /home/sfmaudet/work/dplab/naval/workspace/lpc_chip_5410x/Debug/liblpc_chip_5410x.a(spim_5410x.o)
 .debug_line    0x000040b3      0x50a /home/sfmaudet/work/dplab/naval/workspace/lpc_chip_5410x/Debug/liblpc_chip_5410x.a(spis_5410x.o)
 .debug_line    0x000045bd      0x4ef /home/sfmaudet/work/dplab/naval/workspace/lpc_chip_5410x/Debug/liblpc_chip_5410x.a(stopwatch_5410x.o)
 .debug_line    0x00004aac      0x505 /home/sfmaudet/work/dplab/naval/workspace/lpc_chip_5410x/Debug/liblpc_chip_5410x.a(syscon_5410x.o)
 .debug_line    0x00004fb1      0x50d /home/sfmaudet/work/dplab/naval/workspace/lpc_chip_5410x/Debug/liblpc_chip_5410x.a(sysinit_5410x.o)
 .debug_line    0x000054be      0x48a /home/sfmaudet/work/dplab/naval/workspace/lpc_chip_5410x/Debug/liblpc_chip_5410x.a(timer_5410x.o)
 .debug_line    0x00005948      0x741 /home/sfmaudet/work/dplab/naval/workspace/lpc_chip_5410x/Debug/liblpc_chip_5410x.a(uart_5410x.o)

.debug_str      0x00000000    0x14bb8
 .debug_str     0x00000000     0x277f ./src/cr_startup_lpc5410x.o
                               0x2792 (size before relaxing)
 .debug_str     0x0000277f       0xe9 ./src/crp.o
                               0x2658 (size before relaxing)
 .debug_str     0x00002868     0xe5a0 ./src/spi_sm_int.o
                              0x10c0f (size before relaxing)
 .debug_str     0x00010e08       0x65 ./src/sysinit.o
                               0xfe32 (size before relaxing)
 .debug_str     0x00010e6d      0x273 /home/sfmaudet/work/dplab/naval/workspace/lpc_board_lpcxpresso_54102/Debug/liblpc_board_lpcxpresso_54102.a(board.o)
                              0x102d4 (size before relaxing)
 .debug_str     0x000110e0      0x3af /home/sfmaudet/work/dplab/naval/workspace/lpc_board_lpcxpresso_54102/Debug/liblpc_board_lpcxpresso_54102.a(board_sysinit.o)
                              0x10526 (size before relaxing)
 .debug_str     0x0001148f       0x79 /home/sfmaudet/work/dplab/naval/workspace/lpc_chip_5410x/Debug/liblpc_chip_5410x.a(chip_5410x.o)
                               0xfa47 (size before relaxing)
 .debug_str     0x00011508      0x71a /home/sfmaudet/work/dplab/naval/workspace/lpc_chip_5410x/Debug/liblpc_chip_5410x.a(clock_5410x.o)
                              0x10730 (size before relaxing)
 .debug_str     0x00011c22       0xb5 /home/sfmaudet/work/dplab/naval/workspace/lpc_chip_5410x/Debug/liblpc_chip_5410x.a(fpu_init.o)
                               0x9958 (size before relaxing)
 .debug_str     0x00011cd7       0xe0 /home/sfmaudet/work/dplab/naval/workspace/lpc_chip_5410x/Debug/liblpc_chip_5410x.a(gpio_5410x.o)
                               0xff83 (size before relaxing)
 .debug_str     0x00011db7       0x42 /home/sfmaudet/work/dplab/naval/workspace/lpc_chip_5410x/Debug/liblpc_chip_5410x.a(iocon_5410x.o)
                               0xfa7e (size before relaxing)
 .debug_str     0x00011df9     0x145d /home/sfmaudet/work/dplab/naval/workspace/lpc_chip_5410x/Debug/liblpc_chip_5410x.a(pll_5410x.o)
                              0x111c4 (size before relaxing)
 .debug_str     0x00013256       0x35 /home/sfmaudet/work/dplab/naval/workspace/lpc_chip_5410x/Debug/liblpc_chip_5410x.a(spi_common_5410x.o)
                               0xfb74 (size before relaxing)
 .debug_str     0x0001328b      0x131 /home/sfmaudet/work/dplab/naval/workspace/lpc_chip_5410x/Debug/liblpc_chip_5410x.a(spim_5410x.o)
                               0xfc47 (size before relaxing)
 .debug_str     0x000133bc       0x7c /home/sfmaudet/work/dplab/naval/workspace/lpc_chip_5410x/Debug/liblpc_chip_5410x.a(spis_5410x.o)
                               0xfbf2 (size before relaxing)
 .debug_str     0x00013438      0x157 /home/sfmaudet/work/dplab/naval/workspace/lpc_chip_5410x/Debug/liblpc_chip_5410x.a(stopwatch_5410x.o)
                               0xfb7e (size before relaxing)
 .debug_str     0x0001358f      0x184 /home/sfmaudet/work/dplab/naval/workspace/lpc_chip_5410x/Debug/liblpc_chip_5410x.a(syscon_5410x.o)
                              0x10088 (size before relaxing)
 .debug_str     0x00013713      0x1be /home/sfmaudet/work/dplab/naval/workspace/lpc_chip_5410x/Debug/liblpc_chip_5410x.a(sysinit_5410x.o)
                              0x105ab (size before relaxing)
 .debug_str     0x000138d1      0x171 /home/sfmaudet/work/dplab/naval/workspace/lpc_chip_5410x/Debug/liblpc_chip_5410x.a(timer_5410x.o)
                              0x10035 (size before relaxing)
 .debug_str     0x00013a42     0x1176 /home/sfmaudet/work/dplab/naval/workspace/lpc_chip_5410x/Debug/liblpc_chip_5410x.a(uart_5410x.o)
                              0x1110a (size before relaxing)

.comment        0x00000000      0x14c
 .comment       0x00000000       0x6e ./src/cr_startup_lpc5410x.o
                                 0x6f (size before relaxing)
 .comment       0x0000006e       0x6f ./src/crp.o
 .comment       0x0000006e       0x6f ./src/spi_sm_int.o
 .comment       0x0000006e       0x6f ./src/sysinit.o
 .comment       0x0000006e       0x6f /home/sfmaudet/work/dplab/naval/workspace/lpc_board_lpcxpresso_54102/Debug/liblpc_board_lpcxpresso_54102.a(board.o)
 .comment       0x0000006e       0x6f /home/sfmaudet/work/dplab/naval/workspace/lpc_board_lpcxpresso_54102/Debug/liblpc_board_lpcxpresso_54102.a(board_sysinit.o)
 .comment       0x0000006e       0x6f /home/sfmaudet/work/dplab/naval/workspace/lpc_chip_5410x/Debug/liblpc_chip_5410x.a(chip_5410x.o)
 .comment       0x0000006e       0x6f /home/sfmaudet/work/dplab/naval/workspace/lpc_chip_5410x/Debug/liblpc_chip_5410x.a(clock_5410x.o)
 .comment       0x0000006e       0x6f /home/sfmaudet/work/dplab/naval/workspace/lpc_chip_5410x/Debug/liblpc_chip_5410x.a(fpu_init.o)
 .comment       0x0000006e       0x6f /home/sfmaudet/work/dplab/naval/workspace/lpc_chip_5410x/Debug/liblpc_chip_5410x.a(gpio_5410x.o)
 .comment       0x0000006e       0x6f /home/sfmaudet/work/dplab/naval/workspace/lpc_chip_5410x/Debug/liblpc_chip_5410x.a(iocon_5410x.o)
 .comment       0x0000006e       0x6f /home/sfmaudet/work/dplab/naval/workspace/lpc_chip_5410x/Debug/liblpc_chip_5410x.a(pll_5410x.o)
 .comment       0x0000006e       0x6f /home/sfmaudet/work/dplab/naval/workspace/lpc_chip_5410x/Debug/liblpc_chip_5410x.a(spi_common_5410x.o)
 .comment       0x0000006e       0x6f /home/sfmaudet/work/dplab/naval/workspace/lpc_chip_5410x/Debug/liblpc_chip_5410x.a(spim_5410x.o)
 .comment       0x0000006e       0x6f /home/sfmaudet/work/dplab/naval/workspace/lpc_chip_5410x/Debug/liblpc_chip_5410x.a(spis_5410x.o)
 .comment       0x0000006e       0x6f /home/sfmaudet/work/dplab/naval/workspace/lpc_chip_5410x/Debug/liblpc_chip_5410x.a(stopwatch_5410x.o)
 .comment       0x0000006e       0x6f /home/sfmaudet/work/dplab/naval/workspace/lpc_chip_5410x/Debug/liblpc_chip_5410x.a(syscon_5410x.o)
 .comment       0x0000006e       0x6f /home/sfmaudet/work/dplab/naval/workspace/lpc_chip_5410x/Debug/liblpc_chip_5410x.a(sysinit_5410x.o)
 .comment       0x0000006e       0x6f /home/sfmaudet/work/dplab/naval/workspace/lpc_chip_5410x/Debug/liblpc_chip_5410x.a(timer_5410x.o)
 .comment       0x0000006e       0x6f /home/sfmaudet/work/dplab/naval/workspace/lpc_chip_5410x/Debug/liblpc_chip_5410x.a(uart_5410x.o)
 .comment       0x0000006e       0x70 /home/sfmaudet/work/dplab/naval/workspace/lpc_chip_5410x/libs/libpower.a(power_library.o)
                                 0x71 (size before relaxing)
 .comment       0x000000de       0x6e /usr/local/lpcxpresso_8.2.0_647/lpcxpresso/tools/bin/../lib/gcc/arm-none-eabi/5.3.1/../../../../arm-none-eabi/lib/armv7e-m/softfp/libcr_nohost.a(_cr__main.o)
                                 0x6f (size before relaxing)
 .comment       0x0000014c       0x6f /usr/local/lpcxpresso_8.2.0_647/lpcxpresso/tools/bin/../lib/gcc/arm-none-eabi/5.3.1/../../../../arm-none-eabi/lib/armv7e-m/softfp/libcr_c.a(fpprintf.o)
 .comment       0x0000014c       0x6f /usr/local/lpcxpresso_8.2.0_647/lpcxpresso/tools/bin/../lib/gcc/arm-none-eabi/5.3.1/../../../../arm-none-eabi/lib/armv7e-m/softfp/libcr_c.a(initio.o)
 .comment       0x0000014c       0x6f /usr/local/lpcxpresso_8.2.0_647/lpcxpresso/tools/bin/../lib/gcc/arm-none-eabi/5.3.1/../../../../arm-none-eabi/lib/armv7e-m/softfp/libcr_c.a(printf.o)
 .comment       0x0000014c       0x6f /usr/local/lpcxpresso_8.2.0_647/lpcxpresso/tools/bin/../lib/gcc/arm-none-eabi/5.3.1/../../../../arm-none-eabi/lib/armv7e-m/softfp/libcr_c.a(setvbuf.o)
 .comment       0x0000014c       0x6f /usr/local/lpcxpresso_8.2.0_647/lpcxpresso/tools/bin/../lib/gcc/arm-none-eabi/5.3.1/../../../../arm-none-eabi/lib/armv7e-m/softfp/libcr_c.a(stdio.o)
 .comment       0x0000014c       0x6f /usr/local/lpcxpresso_8.2.0_647/lpcxpresso/tools/bin/../lib/gcc/arm-none-eabi/5.3.1/../../../../arm-none-eabi/lib/armv7e-m/softfp/libcr_c.a(strlen.o)
 .comment       0x0000014c       0x6f /usr/local/lpcxpresso_8.2.0_647/lpcxpresso/tools/bin/../lib/gcc/arm-none-eabi/5.3.1/../../../../arm-none-eabi/lib/armv7e-m/softfp/libcr_c.a(memset.o)
 .comment       0x0000014c       0x6f /usr/local/lpcxpresso_8.2.0_647/lpcxpresso/tools/bin/../lib/gcc/arm-none-eabi/5.3.1/../../../../arm-none-eabi/lib/armv7e-m/softfp/libcr_c.a(_deferredlazyseek.o)
 .comment       0x0000014c       0x6f /usr/local/lpcxpresso_8.2.0_647/lpcxpresso/tools/bin/../lib/gcc/arm-none-eabi/5.3.1/../../../../arm-none-eabi/lib/armv7e-m/softfp/libcr_c.a(_fdopen.o)
 .comment       0x0000014c       0x6f /usr/local/lpcxpresso_8.2.0_647/lpcxpresso/tools/bin/../lib/gcc/arm-none-eabi/5.3.1/../../../../arm-none-eabi/lib/armv7e-m/softfp/libcr_c.a(_fflush.o)
 .comment       0x0000014c       0x6f /usr/local/lpcxpresso_8.2.0_647/lpcxpresso/tools/bin/../lib/gcc/arm-none-eabi/5.3.1/../../../../arm-none-eabi/lib/armv7e-m/softfp/libcr_c.a(_frexpl.o)
 .comment       0x0000014c       0x6f /usr/local/lpcxpresso_8.2.0_647/lpcxpresso/tools/bin/../lib/gcc/arm-none-eabi/5.3.1/../../../../arm-none-eabi/lib/armv7e-m/softfp/libcr_c.a(_ldexpl.o)
 .comment       0x0000014c       0x6f /usr/local/lpcxpresso_8.2.0_647/lpcxpresso/tools/bin/../lib/gcc/arm-none-eabi/5.3.1/../../../../arm-none-eabi/lib/armv7e-m/softfp/libcr_c.a(_writebuf.o)
 .comment       0x0000014c       0x6f /usr/local/lpcxpresso_8.2.0_647/lpcxpresso/tools/bin/../lib/gcc/arm-none-eabi/5.3.1/../../../../arm-none-eabi/lib/armv7e-m/softfp/libcr_c.a(alloc.o)
 .comment       0x0000014c       0x6f /usr/local/lpcxpresso_8.2.0_647/lpcxpresso/tools/bin/../lib/gcc/arm-none-eabi/5.3.1/../../../../arm-none-eabi/lib/armv7e-m/softfp/libcr_c.a(errno.o)
 .comment       0x0000014c       0x6f /usr/local/lpcxpresso_8.2.0_647/lpcxpresso/tools/bin/../lib/gcc/arm-none-eabi/5.3.1/../../../../arm-none-eabi/lib/armv7e-m/softfp/libcr_c.a(fclose.o)
 .comment       0x0000014c       0x6f /usr/local/lpcxpresso_8.2.0_647/lpcxpresso/tools/bin/../lib/gcc/arm-none-eabi/5.3.1/../../../../arm-none-eabi/lib/armv7e-m/softfp/libcr_c.a(fflush.o)
 .comment       0x0000014c       0x6f /usr/local/lpcxpresso_8.2.0_647/lpcxpresso/tools/bin/../lib/gcc/arm-none-eabi/5.3.1/../../../../arm-none-eabi/lib/armv7e-m/softfp/libcr_c.a(fseek.o)
 .comment       0x0000014c       0x6f /usr/local/lpcxpresso_8.2.0_647/lpcxpresso/tools/bin/../lib/gcc/arm-none-eabi/5.3.1/../../../../arm-none-eabi/lib/armv7e-m/softfp/libcr_c.a(ftell.o)
 .comment       0x0000014c       0x6f /usr/local/lpcxpresso_8.2.0_647/lpcxpresso/tools/bin/../lib/gcc/arm-none-eabi/5.3.1/../../../../arm-none-eabi/lib/armv7e-m/softfp/libcr_c.a(remove.o)
 .comment       0x0000014c       0x6f /usr/local/lpcxpresso_8.2.0_647/lpcxpresso/tools/bin/../lib/gcc/arm-none-eabi/5.3.1/../../../../arm-none-eabi/lib/armv7e-m/softfp/libcr_c.a(__init_alloc.o)
 .comment       0x0000014c       0x6f /usr/local/lpcxpresso_8.2.0_647/lpcxpresso/tools/bin/../lib/gcc/arm-none-eabi/5.3.1/../../../../arm-none-eabi/lib/armv7e-m/softfp/libcr_c.a(_cr_sbrk.o)
 .comment       0x0000014c       0x6f /usr/local/lpcxpresso_8.2.0_647/lpcxpresso/tools/bin/../lib/gcc/arm-none-eabi/5.3.1/../../../../arm-none-eabi/lib/armv7e-m/softfp/libcr_c.a(_do_fflush.o)
 .comment       0x0000014c       0x6f /usr/local/lpcxpresso_8.2.0_647/lpcxpresso/tools/bin/../lib/gcc/arm-none-eabi/5.3.1/../../../../arm-none-eabi/lib/armv7e-m/softfp/libcr_c.a(_hugeval.o)
 .comment       0x0000014c       0x6f /usr/local/lpcxpresso_8.2.0_647/lpcxpresso/tools/bin/../lib/gcc/arm-none-eabi/5.3.1/../../../../arm-none-eabi/lib/armv7e-m/softfp/libcr_c.a(_cr_check_heap.o)
 .comment       0x0000014c       0x6f /usr/local/lpcxpresso_8.2.0_647/lpcxpresso/tools/bin/../lib/gcc/arm-none-eabi/5.3.1/armv7e-m/softfp/libcr_eabihelpers.a(double.o)
 .comment       0x0000014c       0x6f /usr/local/lpcxpresso_8.2.0_647/lpcxpresso/tools/bin/../lib/gcc/arm-none-eabi/5.3.1/../../../../arm-none-eabi/lib/armv7e-m/softfp/libcr_nohost.a(__sys_appexit.o)
 .comment       0x0000014c       0x6f /usr/local/lpcxpresso_8.2.0_647/lpcxpresso/tools/bin/../lib/gcc/arm-none-eabi/5.3.1/../../../../arm-none-eabi/lib/armv7e-m/softfp/libcr_nohost.a(__sys_close.o)
 .comment       0x0000014c       0x6f /usr/local/lpcxpresso_8.2.0_647/lpcxpresso/tools/bin/../lib/gcc/arm-none-eabi/5.3.1/../../../../arm-none-eabi/lib/armv7e-m/softfp/libcr_nohost.a(__sys_flen.o)
 .comment       0x0000014c       0x6f /usr/local/lpcxpresso_8.2.0_647/lpcxpresso/tools/bin/../lib/gcc/arm-none-eabi/5.3.1/../../../../arm-none-eabi/lib/armv7e-m/softfp/libcr_nohost.a(__sys_istty.o)
 .comment       0x0000014c       0x6f /usr/local/lpcxpresso_8.2.0_647/lpcxpresso/tools/bin/../lib/gcc/arm-none-eabi/5.3.1/../../../../arm-none-eabi/lib/armv7e-m/softfp/libcr_nohost.a(__sys_remove.o)
 .comment       0x0000014c       0x6f /usr/local/lpcxpresso_8.2.0_647/lpcxpresso/tools/bin/../lib/gcc/arm-none-eabi/5.3.1/../../../../arm-none-eabi/lib/armv7e-m/softfp/libcr_nohost.a(__sys_seek.o)
 .comment       0x0000014c       0x6f /usr/local/lpcxpresso_8.2.0_647/lpcxpresso/tools/bin/../lib/gcc/arm-none-eabi/5.3.1/../../../../arm-none-eabi/lib/armv7e-m/softfp/libcr_nohost.a(__sys_tmpnam.o)

.ARM.attributes
                0x00000000       0x35
 .ARM.attributes
                0x00000000       0x37 ./src/cr_startup_lpc5410x.o
 .ARM.attributes
                0x00000037       0x37 ./src/crp.o
 .ARM.attributes
                0x0000006e       0x37 ./src/spi_sm_int.o
 .ARM.attributes
                0x000000a5       0x37 ./src/sysinit.o
 .ARM.attributes
                0x000000dc       0x37 /home/sfmaudet/work/dplab/naval/workspace/lpc_board_lpcxpresso_54102/Debug/liblpc_board_lpcxpresso_54102.a(board.o)
 .ARM.attributes
                0x00000113       0x37 /home/sfmaudet/work/dplab/naval/workspace/lpc_board_lpcxpresso_54102/Debug/liblpc_board_lpcxpresso_54102.a(board_sysinit.o)
 .ARM.attributes
                0x0000014a       0x37 /home/sfmaudet/work/dplab/naval/workspace/lpc_chip_5410x/Debug/liblpc_chip_5410x.a(chip_5410x.o)
 .ARM.attributes
                0x00000181       0x37 /home/sfmaudet/work/dplab/naval/workspace/lpc_chip_5410x/Debug/liblpc_chip_5410x.a(clock_5410x.o)
 .ARM.attributes
                0x000001b8       0x37 /home/sfmaudet/work/dplab/naval/workspace/lpc_chip_5410x/Debug/liblpc_chip_5410x.a(fpu_init.o)
 .ARM.attributes
                0x000001ef       0x37 /home/sfmaudet/work/dplab/naval/workspace/lpc_chip_5410x/Debug/liblpc_chip_5410x.a(gpio_5410x.o)
 .ARM.attributes
                0x00000226       0x37 /home/sfmaudet/work/dplab/naval/workspace/lpc_chip_5410x/Debug/liblpc_chip_5410x.a(iocon_5410x.o)
 .ARM.attributes
                0x0000025d       0x37 /home/sfmaudet/work/dplab/naval/workspace/lpc_chip_5410x/Debug/liblpc_chip_5410x.a(pll_5410x.o)
 .ARM.attributes
                0x00000294       0x37 /home/sfmaudet/work/dplab/naval/workspace/lpc_chip_5410x/Debug/liblpc_chip_5410x.a(spi_common_5410x.o)
 .ARM.attributes
                0x000002cb       0x37 /home/sfmaudet/work/dplab/naval/workspace/lpc_chip_5410x/Debug/liblpc_chip_5410x.a(spim_5410x.o)
 .ARM.attributes
                0x00000302       0x37 /home/sfmaudet/work/dplab/naval/workspace/lpc_chip_5410x/Debug/liblpc_chip_5410x.a(spis_5410x.o)
 .ARM.attributes
                0x00000339       0x37 /home/sfmaudet/work/dplab/naval/workspace/lpc_chip_5410x/Debug/liblpc_chip_5410x.a(stopwatch_5410x.o)
 .ARM.attributes
                0x00000370       0x37 /home/sfmaudet/work/dplab/naval/workspace/lpc_chip_5410x/Debug/liblpc_chip_5410x.a(syscon_5410x.o)
 .ARM.attributes
                0x000003a7       0x37 /home/sfmaudet/work/dplab/naval/workspace/lpc_chip_5410x/Debug/liblpc_chip_5410x.a(sysinit_5410x.o)
 .ARM.attributes
                0x000003de       0x37 /home/sfmaudet/work/dplab/naval/workspace/lpc_chip_5410x/Debug/liblpc_chip_5410x.a(timer_5410x.o)
 .ARM.attributes
                0x00000415       0x37 /home/sfmaudet/work/dplab/naval/workspace/lpc_chip_5410x/Debug/liblpc_chip_5410x.a(uart_5410x.o)
 .ARM.attributes
                0x0000044c       0x37 /home/sfmaudet/work/dplab/naval/workspace/lpc_chip_5410x/libs/libpower.a(power_library.o)
 .ARM.attributes
                0x00000483       0x37 /usr/local/lpcxpresso_8.2.0_647/lpcxpresso/tools/bin/../lib/gcc/arm-none-eabi/5.3.1/../../../../arm-none-eabi/lib/armv7e-m/softfp/libcr_nohost.a(_cr__main.o)
 .ARM.attributes
                0x000004ba       0x37 /usr/local/lpcxpresso_8.2.0_647/lpcxpresso/tools/bin/../lib/gcc/arm-none-eabi/5.3.1/../../../../arm-none-eabi/lib/armv7e-m/softfp/libcr_c.a(fpprintf.o)
 .ARM.attributes
                0x000004f1       0x37 /usr/local/lpcxpresso_8.2.0_647/lpcxpresso/tools/bin/../lib/gcc/arm-none-eabi/5.3.1/../../../../arm-none-eabi/lib/armv7e-m/softfp/libcr_c.a(initio.o)
 .ARM.attributes
                0x00000528       0x37 /usr/local/lpcxpresso_8.2.0_647/lpcxpresso/tools/bin/../lib/gcc/arm-none-eabi/5.3.1/../../../../arm-none-eabi/lib/armv7e-m/softfp/libcr_c.a(printf.o)
 .ARM.attributes
                0x0000055f       0x37 /usr/local/lpcxpresso_8.2.0_647/lpcxpresso/tools/bin/../lib/gcc/arm-none-eabi/5.3.1/../../../../arm-none-eabi/lib/armv7e-m/softfp/libcr_c.a(setvbuf.o)
 .ARM.attributes
                0x00000596       0x37 /usr/local/lpcxpresso_8.2.0_647/lpcxpresso/tools/bin/../lib/gcc/arm-none-eabi/5.3.1/../../../../arm-none-eabi/lib/armv7e-m/softfp/libcr_c.a(stdio.o)
 .ARM.attributes
                0x000005cd       0x37 /usr/local/lpcxpresso_8.2.0_647/lpcxpresso/tools/bin/../lib/gcc/arm-none-eabi/5.3.1/../../../../arm-none-eabi/lib/armv7e-m/softfp/libcr_c.a(strlen.o)
 .ARM.attributes
                0x00000604       0x37 /usr/local/lpcxpresso_8.2.0_647/lpcxpresso/tools/bin/../lib/gcc/arm-none-eabi/5.3.1/../../../../arm-none-eabi/lib/armv7e-m/softfp/libcr_c.a(memset.o)
 .ARM.attributes
                0x0000063b       0x37 /usr/local/lpcxpresso_8.2.0_647/lpcxpresso/tools/bin/../lib/gcc/arm-none-eabi/5.3.1/../../../../arm-none-eabi/lib/armv7e-m/softfp/libcr_c.a(_deferredlazyseek.o)
 .ARM.attributes
                0x00000672       0x37 /usr/local/lpcxpresso_8.2.0_647/lpcxpresso/tools/bin/../lib/gcc/arm-none-eabi/5.3.1/../../../../arm-none-eabi/lib/armv7e-m/softfp/libcr_c.a(_fdopen.o)
 .ARM.attributes
                0x000006a9       0x37 /usr/local/lpcxpresso_8.2.0_647/lpcxpresso/tools/bin/../lib/gcc/arm-none-eabi/5.3.1/../../../../arm-none-eabi/lib/armv7e-m/softfp/libcr_c.a(_fflush.o)
 .ARM.attributes